stm32f4xx_rtc.c:373:13:RTC_DeInit	24	static
stm32f4xx_rtc.c:455:13:RTC_Init	24	static
stm32f4xx_rtc.c:501:6:RTC_StructInit	16	static
stm32f4xx_rtc.c:523:6:RTC_WriteProtectionCmd	16	static
stm32f4xx_rtc.c:550:13:RTC_EnterInitMode	24	static
stm32f4xx_rtc.c:595:6:RTC_ExitInitMode	4	static
stm32f4xx_rtc.c:617:13:RTC_WaitForSynchro	24	static
stm32f4xx_rtc.c:660:13:RTC_RefClockCmd	24	static
stm32f4xx_rtc.c:708:6:RTC_BypassShadowCmd	16	static
stm32f4xx_rtc.c:763:13:RTC_SetTime	32	static
stm32f4xx_rtc.c:866:6:RTC_TimeStructInit	16	static
stm32f4xx_rtc.c:885:6:RTC_GetTime	24	static
stm32f4xx_rtc.c:918:10:RTC_GetSubSecond	16	static
stm32f4xx_rtc.c:943:13:RTC_SetDate	32	static
stm32f4xx_rtc.c:1034:6:RTC_DateStructInit	16	static
stm32f4xx_rtc.c:1053:6:RTC_GetDate	24	static
stm32f4xx_rtc.c:1113:6:RTC_SetAlarm	40	static
stm32f4xx_rtc.c:1224:6:RTC_AlarmStructInit	16	static
stm32f4xx_rtc.c:1254:6:RTC_GetAlarm	32	static
stm32f4xx_rtc.c:1308:13:RTC_AlarmCmd	32	static
stm32f4xx_rtc.c:1402:6:RTC_AlarmSubSecondConfig	32	static
stm32f4xx_rtc.c:1443:10:RTC_GetAlarmSubSecond	24	static
stm32f4xx_rtc.c:1492:6:RTC_WakeUpClockConfig	16	static
stm32f4xx_rtc.c:1519:6:RTC_SetWakeUpCounter	16	static
stm32f4xx_rtc.c:1540:10:RTC_GetWakeUpCounter	4	static
stm32f4xx_rtc.c:1552:13:RTC_WakeUpCmd	32	static
stm32f4xx_rtc.c:1629:6:RTC_DayLightSavingConfig	16	static
stm32f4xx_rtc.c:1656:10:RTC_GetStoreOperation	4	static
stm32f4xx_rtc.c:1695:6:RTC_OutputConfig	16	static
stm32f4xx_rtc.c:1749:13:RTC_CoarseCalibConfig	24	static
stm32f4xx_rtc.c:1790:13:RTC_CoarseCalibCmd	24	static
stm32f4xx_rtc.c:1836:6:RTC_CalibOutputCmd	16	static
stm32f4xx_rtc.c:1868:6:RTC_CalibOutputConfig	16	static
stm32f4xx_rtc.c:1904:13:RTC_SmoothCalibConfig	32	static
stm32f4xx_rtc.c:1980:6:RTC_TimeStampCmd	24	static
stm32f4xx_rtc.c:2024:6:RTC_GetTimeStamp	32	static
stm32f4xx_rtc.c:2068:10:RTC_GetTimeStampSubSecond	4	static
stm32f4xx_rtc.c:2103:6:RTC_TamperTriggerConfig	16	static
stm32f4xx_rtc.c:2129:6:RTC_TamperCmd	16	static
stm32f4xx_rtc.c:2160:6:RTC_TamperFilterConfig	16	static
stm32f4xx_rtc.c:2194:6:RTC_TamperSamplingFreqConfig	16	static
stm32f4xx_rtc.c:2217:6:RTC_TamperPinsPrechargeDuration	16	static
stm32f4xx_rtc.c:2237:6:RTC_TimeStampOnTamperDetectionCmd	16	static
stm32f4xx_rtc.c:2260:6:RTC_TamperPullUpCmd	16	static
stm32f4xx_rtc.c:2301:6:RTC_WriteBackupRegister	24	static
stm32f4xx_rtc.c:2322:10:RTC_ReadBackupRegister	24	static
stm32f4xx_rtc.c:2362:6:RTC_TamperPinSelection	16	static
stm32f4xx_rtc.c:2379:6:RTC_TimeStampPinSelection	16	static
stm32f4xx_rtc.c:2398:6:RTC_OutputTypeConfig	16	static
stm32f4xx_rtc.c:2436:13:RTC_SynchroShiftConfig	24	static
stm32f4xx_rtc.c:2555:6:RTC_ITConfig	16	static
stm32f4xx_rtc.c:2603:12:RTC_GetFlagStatus	24	static
stm32f4xx_rtc.c:2639:6:RTC_ClearFlag	16	static
stm32f4xx_rtc.c:2659:10:RTC_GetITStatus	32	static
stm32f4xx_rtc.c:2699:6:RTC_ClearITPendingBit	24	static
stm32f4xx_rtc.c:2722:16:RTC_ByteToBcd2	24	static
stm32f4xx_rtc.c:2740:16:RTC_Bcd2ToByte	24	static
