stm32f4xx_sdio.c:265:6:SDIO_DeInit	8	static
stm32f4xx_sdio.c:278:6:SDIO_Init	24	static
stm32f4xx_sdio.c:316:6:SDIO_StructInit	16	static
stm32f4xx_sdio.c:333:6:SDIO_ClockCmd	16	static
stm32f4xx_sdio.c:349:6:SDIO_SetPowerState	16	static
stm32f4xx_sdio.c:366:10:SDIO_GetPowerState	4	static
stm32f4xx_sdio.c:398:6:SDIO_SendCommand	24	static
stm32f4xx_sdio.c:434:6:SDIO_CmdStructInit	16	static
stm32f4xx_sdio.c:449:9:SDIO_GetCommandResponse	4	static
stm32f4xx_sdio.c:464:10:SDIO_GetResponse	24	static
stm32f4xx_sdio.c:502:6:SDIO_DataConfig	24	static
stm32f4xx_sdio.c:543:6:SDIO_DataStructInit	16	static
stm32f4xx_sdio.c:559:10:SDIO_GetDataCounter	4	static
stm32f4xx_sdio.c:569:10:SDIO_ReadData	4	static
stm32f4xx_sdio.c:579:6:SDIO_WriteData	16	static
stm32f4xx_sdio.c:589:10:SDIO_GetFIFOCount	4	static
stm32f4xx_sdio.c:618:6:SDIO_StartSDIOReadWait	16	static
stm32f4xx_sdio.c:632:6:SDIO_StopSDIOReadWait	16	static
stm32f4xx_sdio.c:648:6:SDIO_SetSDIOReadWaitMode	16	static
stm32f4xx_sdio.c:662:6:SDIO_SetSDIOOperation	16	static
stm32f4xx_sdio.c:676:6:SDIO_SendSDIOSuspendCmd	16	static
stm32f4xx_sdio.c:708:6:SDIO_CommandCompletionCmd	16	static
stm32f4xx_sdio.c:722:6:SDIO_CEATAITCmd	16	static
stm32f4xx_sdio.c:736:6:SDIO_SendCEATACmd	16	static
stm32f4xx_sdio.c:768:6:SDIO_DMACmd	16	static
stm32f4xx_sdio.c:826:6:SDIO_ITConfig	16	static
stm32f4xx_sdio.c:874:12:SDIO_GetFlagStatus	24	static
stm32f4xx_sdio.c:911:6:SDIO_ClearFlag	16	static
stm32f4xx_sdio.c:950:10:SDIO_GetITStatus	24	static
stm32f4xx_sdio.c:986:6:SDIO_ClearITPendingBit	16	static
