stm32f4xx_usart.c:184:6:USART_DeInit	16	static
stm32f4xx_usart.c:233:6:USART_Init	48	static
stm32f4xx_usart.c:346:6:USART_StructInit	16	static
stm32f4xx_usart.c:366:6:USART_ClockInit	24	static
stm32f4xx_usart.c:397:6:USART_ClockStructInit	16	static
stm32f4xx_usart.c:414:6:USART_Cmd	16	static
stm32f4xx_usart.c:440:6:USART_SetPrescaler	16	static
stm32f4xx_usart.c:461:6:USART_OverSampling8Cmd	16	static
stm32f4xx_usart.c:487:6:USART_OneBitMethodCmd	16	static
stm32f4xx_usart.c:544:6:USART_SendData	16	static
stm32f4xx_usart.c:560:10:USART_ReceiveData	16	static
stm32f4xx_usart.c:611:6:USART_SetAddress	16	static
stm32f4xx_usart.c:631:6:USART_ReceiverWakeUpCmd	16	static
stm32f4xx_usart.c:658:6:USART_WakeUpConfig	16	static
stm32f4xx_usart.c:727:6:USART_LINBreakDetectLengthConfig	16	static
stm32f4xx_usart.c:745:6:USART_LINCmd	16	static
stm32f4xx_usart.c:769:6:USART_SendBreak	16	static
stm32f4xx_usart.c:822:6:USART_HalfDuplexCmd	16	static
stm32f4xx_usart.c:907:6:USART_SetGuardTime	16	static
stm32f4xx_usart.c:926:6:USART_SmartCardCmd	16	static
stm32f4xx_usart.c:951:6:USART_SmartCardNACKCmd	16	static
stm32f4xx_usart.c:1022:6:USART_IrDAConfig	16	static
stm32f4xx_usart.c:1040:6:USART_IrDACmd	16	static
stm32f4xx_usart.c:1086:6:USART_DMACmd	16	static
stm32f4xx_usart.c:1214:6:USART_ITConfig	32	static
stm32f4xx_usart.c:1278:12:USART_GetFlagStatus	24	static
stm32f4xx_usart.c:1327:6:USART_ClearFlag	16	static
stm32f4xx_usart.c:1361:10:USART_GetITStatus	32	static
stm32f4xx_usart.c:1435:6:USART_ClearITPendingBit	24	static
