stm32f4xx_rcc.c:202:6:RCC_DeInit	4	static
stm32f4xx_rcc.c:243:6:RCC_HSEConfig	16	static
stm32f4xx_rcc.c:267:13:RCC_WaitForHSEStartUp	16	static
stm32f4xx_rcc.c:298:6:RCC_AdjustHSICalibrationValue	24	static
stm32f4xx_rcc.c:334:6:RCC_HSICmd	16	static
stm32f4xx_rcc.c:359:6:RCC_LSEConfig	16	static
stm32f4xx_rcc.c:399:6:RCC_LSICmd	16	static
stm32f4xx_rcc.c:442:6:RCC_PLLConfig	24	static
stm32f4xx_rcc.c:465:6:RCC_PLLCmd	16	static
stm32f4xx_rcc.c:491:6:RCC_PLLI2SConfig	16	static
stm32f4xx_rcc.c:506:6:RCC_PLLI2SCmd	16	static
stm32f4xx_rcc.c:524:6:RCC_ClockSecuritySystemCmd	16	static
stm32f4xx_rcc.c:549:6:RCC_MCO1Config	24	static
stm32f4xx_rcc.c:587:6:RCC_MCO2Config	24	static
stm32f4xx_rcc.c:693:6:RCC_SYSCLKConfig	24	static
stm32f4xx_rcc.c:721:9:RCC_GetSYSCLKSource	4	static
stm32f4xx_rcc.c:746:6:RCC_HCLKConfig	24	static
stm32f4xx_rcc.c:778:6:RCC_PCLK1Config	24	static
stm32f4xx_rcc.c:809:6:RCC_PCLK2Config	24	static
stm32f4xx_rcc.c:861:6:RCC_GetClocksFreq	40	static
stm32f4xx_rcc.c:986:6:RCC_RTCCLKConfig	24	static
stm32f4xx_rcc.c:1018:6:RCC_RTCCLKCmd	16	static
stm32f4xx_rcc.c:1035:6:RCC_BackupResetCmd	16	static
stm32f4xx_rcc.c:1052:6:RCC_I2SCLKConfig	16	static
stm32f4xx_rcc.c:1091:6:RCC_AHB1PeriphClockCmd	16	static
stm32f4xx_rcc.c:1123:6:RCC_AHB2PeriphClockCmd	16	static
stm32f4xx_rcc.c:1150:6:RCC_AHB3PeriphClockCmd	16	static
stm32f4xx_rcc.c:1200:6:RCC_APB1PeriphClockCmd	16	static
stm32f4xx_rcc.c:1240:6:RCC_APB2PeriphClockCmd	16	static
stm32f4xx_rcc.c:1279:6:RCC_AHB1PeriphResetCmd	16	static
stm32f4xx_rcc.c:1308:6:RCC_AHB2PeriphResetCmd	16	static
stm32f4xx_rcc.c:1332:6:RCC_AHB3PeriphResetCmd	16	static
stm32f4xx_rcc.c:1379:6:RCC_APB1PeriphResetCmd	16	static
stm32f4xx_rcc.c:1415:6:RCC_APB2PeriphResetCmd	16	static
stm32f4xx_rcc.c:1461:6:RCC_AHB1PeriphClockLPModeCmd	16	static
stm32f4xx_rcc.c:1493:6:RCC_AHB2PeriphClockLPModeCmd	16	static
stm32f4xx_rcc.c:1520:6:RCC_AHB3PeriphClockLPModeCmd	16	static
stm32f4xx_rcc.c:1570:6:RCC_APB1PeriphClockLPModeCmd	16	static
stm32f4xx_rcc.c:1610:6:RCC_APB2PeriphClockLPModeCmd	16	static
stm32f4xx_rcc.c:1655:6:RCC_ITConfig	16	static
stm32f4xx_rcc.c:1691:12:RCC_GetFlagStatus	32	static
stm32f4xx_rcc.c:1736:6:RCC_ClearFlag	4	static
stm32f4xx_rcc.c:1755:10:RCC_GetITStatus	24	static
stm32f4xx_rcc.c:1788:6:RCC_ClearITPendingBit	16	static
