Archive member included to satisfy reference by file (symbol)

c:/program files (x86)/atollic/truestudio for stm32 9.1.0/armtools/bin/../lib/gcc/arm-atollic-eabi/6.3.1/../../../../arm-atollic-eabi/lib/armv7e-m/softfp\libm.a(lib_a-s_floor.o)
                              src\Traffic_Tasks.o (floor)
c:/program files (x86)/atollic/truestudio for stm32 9.1.0/armtools/bin/../lib/gcc/arm-atollic-eabi/6.3.1/../../../../arm-atollic-eabi/lib/armv7e-m/softfp\libc_nano.a(lib_a-init.o)
                              src\startup_stm32f4xx.o (__libc_init_array)
c:/program files (x86)/atollic/truestudio for stm32 9.1.0/armtools/bin/../lib/gcc/arm-atollic-eabi/6.3.1/../../../../arm-atollic-eabi/lib/armv7e-m/softfp\libc_nano.a(lib_a-memcpy-stub.o)
                              FreeRTOS_Source\queue.o (memcpy)
c:/program files (x86)/atollic/truestudio for stm32 9.1.0/armtools/bin/../lib/gcc/arm-atollic-eabi/6.3.1/../../../../arm-atollic-eabi/lib/armv7e-m/softfp\libc_nano.a(lib_a-memset.o)
                              FreeRTOS_Source\tasks.o (memset)
c:/program files (x86)/atollic/truestudio for stm32 9.1.0/armtools/bin/../lib/gcc/arm-atollic-eabi/6.3.1/../../../../arm-atollic-eabi/lib/armv7e-m/softfp\libc_nano.a(lib_a-puts.o)
                              src\LightTimers.o (puts)
c:/program files (x86)/atollic/truestudio for stm32 9.1.0/armtools/bin/../lib/gcc/arm-atollic-eabi/6.3.1/../../../../arm-atollic-eabi/lib/armv7e-m/softfp\libc_nano.a(lib_a-rand.o)
                              src\Traffic_Tasks.o (rand)
c:/program files (x86)/atollic/truestudio for stm32 9.1.0/armtools/bin/../lib/gcc/arm-atollic-eabi/6.3.1/../../../../arm-atollic-eabi/lib/armv7e-m/softfp\libc_nano.a(lib_a-reent.o)
                              src\syscalls.o (errno)
c:/program files (x86)/atollic/truestudio for stm32 9.1.0/armtools/bin/../lib/gcc/arm-atollic-eabi/6.3.1/../../../../arm-atollic-eabi/lib/armv7e-m/softfp\libc_nano.a(lib_a-wbuf.o)
                              c:/program files (x86)/atollic/truestudio for stm32 9.1.0/armtools/bin/../lib/gcc/arm-atollic-eabi/6.3.1/../../../../arm-atollic-eabi/lib/armv7e-m/softfp\libc_nano.a(lib_a-puts.o) (__swbuf_r)
c:/program files (x86)/atollic/truestudio for stm32 9.1.0/armtools/bin/../lib/gcc/arm-atollic-eabi/6.3.1/../../../../arm-atollic-eabi/lib/armv7e-m/softfp\libc_nano.a(lib_a-wsetup.o)
                              c:/program files (x86)/atollic/truestudio for stm32 9.1.0/armtools/bin/../lib/gcc/arm-atollic-eabi/6.3.1/../../../../arm-atollic-eabi/lib/armv7e-m/softfp\libc_nano.a(lib_a-puts.o) (__swsetup_r)
c:/program files (x86)/atollic/truestudio for stm32 9.1.0/armtools/bin/../lib/gcc/arm-atollic-eabi/6.3.1/../../../../arm-atollic-eabi/lib/armv7e-m/softfp\libc_nano.a(lib_a-fflush.o)
                              c:/program files (x86)/atollic/truestudio for stm32 9.1.0/armtools/bin/../lib/gcc/arm-atollic-eabi/6.3.1/../../../../arm-atollic-eabi/lib/armv7e-m/softfp\libc_nano.a(lib_a-wbuf.o) (_fflush_r)
c:/program files (x86)/atollic/truestudio for stm32 9.1.0/armtools/bin/../lib/gcc/arm-atollic-eabi/6.3.1/../../../../arm-atollic-eabi/lib/armv7e-m/softfp\libc_nano.a(lib_a-findfp.o)
                              c:/program files (x86)/atollic/truestudio for stm32 9.1.0/armtools/bin/../lib/gcc/arm-atollic-eabi/6.3.1/../../../../arm-atollic-eabi/lib/armv7e-m/softfp\libc_nano.a(lib_a-puts.o) (__sinit)
c:/program files (x86)/atollic/truestudio for stm32 9.1.0/armtools/bin/../lib/gcc/arm-atollic-eabi/6.3.1/../../../../arm-atollic-eabi/lib/armv7e-m/softfp\libc_nano.a(lib_a-fwalk.o)
                              c:/program files (x86)/atollic/truestudio for stm32 9.1.0/armtools/bin/../lib/gcc/arm-atollic-eabi/6.3.1/../../../../arm-atollic-eabi/lib/armv7e-m/softfp\libc_nano.a(lib_a-findfp.o) (_fwalk)
c:/program files (x86)/atollic/truestudio for stm32 9.1.0/armtools/bin/../lib/gcc/arm-atollic-eabi/6.3.1/../../../../arm-atollic-eabi/lib/armv7e-m/softfp\libc_nano.a(lib_a-impure.o)
                              c:/program files (x86)/atollic/truestudio for stm32 9.1.0/armtools/bin/../lib/gcc/arm-atollic-eabi/6.3.1/../../../../arm-atollic-eabi/lib/armv7e-m/softfp\libc_nano.a(lib_a-fflush.o) (_global_impure_ptr)
c:/program files (x86)/atollic/truestudio for stm32 9.1.0/armtools/bin/../lib/gcc/arm-atollic-eabi/6.3.1/../../../../arm-atollic-eabi/lib/armv7e-m/softfp\libc_nano.a(lib_a-makebuf.o)
                              c:/program files (x86)/atollic/truestudio for stm32 9.1.0/armtools/bin/../lib/gcc/arm-atollic-eabi/6.3.1/../../../../arm-atollic-eabi/lib/armv7e-m/softfp\libc_nano.a(lib_a-wsetup.o) (__smakebuf_r)
c:/program files (x86)/atollic/truestudio for stm32 9.1.0/armtools/bin/../lib/gcc/arm-atollic-eabi/6.3.1/../../../../arm-atollic-eabi/lib/armv7e-m/softfp\libc_nano.a(lib_a-malloc.o)
                              c:/program files (x86)/atollic/truestudio for stm32 9.1.0/armtools/bin/../lib/gcc/arm-atollic-eabi/6.3.1/../../../../arm-atollic-eabi/lib/armv7e-m/softfp\libc_nano.a(lib_a-rand.o) (malloc)
[...]
Memory Configuration

Name             Origin             Length             Attributes
FLASH            0x08000000         0x00100000         xr
RAM              0x20000000         0x00020000         xrw
MEMORY_B1        0x60000000         0x00000000         xr
CCMRAM           0x10000000         0x00010000         rw
*default*        0x00000000         0xffffffff

Linker script and memory map

LOAD c:/program files (x86)/atollic/truestudio for stm32 9.1.0/armtools/bin/../lib/gcc/arm-atollic-eabi/6.3.1/armv7e-m/softfp/crti.o
LOAD c:/program files (x86)/atollic/truestudio for stm32 9.1.0/armtools/bin/../lib/gcc/arm-atollic-eabi/6.3.1/armv7e-m/softfp/crtbegin.o
LOAD FreeRTOS_Source\croutine.o
LOAD FreeRTOS_Source\event_groups.o
LOAD FreeRTOS_Source\list.o
LOAD FreeRTOS_Source\portable\GCC\ARM_CM4F\port.o
LOAD FreeRTOS_Source\portable\MemMang\heap_1.o
LOAD FreeRTOS_Source\queue.o
LOAD FreeRTOS_Source\tasks.o
LOAD FreeRTOS_Source\timers.o
LOAD Libraries\STM32F4xx_StdPeriph_Driver\src\misc.o
LOAD Libraries\STM32F4xx_StdPeriph_Driver\src\stm32f4xx_adc.o
LOAD Libraries\STM32F4xx_StdPeriph_Driver\src\stm32f4xx_can.o
LOAD Libraries\STM32F4xx_StdPeriph_Driver\src\stm32f4xx_crc.o
LOAD Libraries\STM32F4xx_StdPeriph_Driver\src\stm32f4xx_cryp.o
LOAD Libraries\STM32F4xx_StdPeriph_Driver\src\stm32f4xx_cryp_aes.o
LOAD Libraries\STM32F4xx_StdPeriph_Driver\src\stm32f4xx_cryp_des.o
LOAD Libraries\STM32F4xx_StdPeriph_Driver\src\stm32f4xx_cryp_tdes.o
LOAD Libraries\STM32F4xx_StdPeriph_Driver\src\stm32f4xx_dac.o
LOAD Libraries\STM32F4xx_StdPeriph_Driver\src\stm32f4xx_dbgmcu.o
LOAD Libraries\STM32F4xx_StdPeriph_Driver\src\stm32f4xx_dcmi.o
LOAD Libraries\STM32F4xx_StdPeriph_Driver\src\stm32f4xx_dma.o
LOAD Libraries\STM32F4xx_StdPeriph_Driver\src\stm32f4xx_exti.o
LOAD Libraries\STM32F4xx_StdPeriph_Driver\src\stm32f4xx_flash.o
LOAD Libraries\STM32F4xx_StdPeriph_Driver\src\stm32f4xx_fsmc.o
LOAD Libraries\STM32F4xx_StdPeriph_Driver\src\stm32f4xx_gpio.o
LOAD Libraries\STM32F4xx_StdPeriph_Driver\src\stm32f4xx_hash.o
LOAD Libraries\STM32F4xx_StdPeriph_Driver\src\stm32f4xx_hash_md5.o
LOAD Libraries\STM32F4xx_StdPeriph_Driver\src\stm32f4xx_hash_sha1.o
LOAD Libraries\STM32F4xx_StdPeriph_Driver\src\stm32f4xx_i2c.o
LOAD Libraries\STM32F4xx_StdPeriph_Driver\src\stm32f4xx_iwdg.o
LOAD Libraries\STM32F4xx_StdPeriph_Driver\src\stm32f4xx_pwr.o
LOAD Libraries\STM32F4xx_StdPeriph_Driver\src\stm32f4xx_rcc.o
LOAD Libraries\STM32F4xx_StdPeriph_Driver\src\stm32f4xx_rng.o
LOAD Libraries\STM32F4xx_StdPeriph_Driver\src\stm32f4xx_rtc.o
LOAD Libraries\STM32F4xx_StdPeriph_Driver\src\stm32f4xx_sdio.o
LOAD Libraries\STM32F4xx_StdPeriph_Driver\src\stm32f4xx_spi.o
LOAD Libraries\STM32F4xx_StdPeriph_Driver\src\stm32f4xx_syscfg.o
LOAD Libraries\STM32F4xx_StdPeriph_Driver\src\stm32f4xx_tim.o
LOAD Libraries\STM32F4xx_StdPeriph_Driver\src\stm32f4xx_usart.o
LOAD Libraries\STM32F4xx_StdPeriph_Driver\src\stm32f4xx_wwdg.o
LOAD Utilities\STM32F4-Discovery\stm32f4_discovery.o
LOAD Utilities\STM32F4-Discovery\stm32f4_discovery_audio_codec.o
LOAD Utilities\STM32F4-Discovery\stm32f4_discovery_lis302dl.o
LOAD src\LightTimers.o
LOAD src\STM32F4-Discovery_callback.o
LOAD src\Traffic_Tasks.o
LOAD src\main.o
LOAD src\startup_stm32f4xx.o
LOAD src\stm32f4xx_it.o
LOAD src\syscalls.o
LOAD src\system_stm32f4xx.o
LOAD src\tiny_printf.o
LOAD c:/program files (x86)/atollic/truestudio for stm32 9.1.0/armtools/bin/../lib/gcc/arm-atollic-eabi/6.3.1/../../../../arm-atollic-eabi/lib/armv7e-m/softfp\libm.a
                0x00000080                malloc_getpagesize_P = 0x80
START GROUP
LOAD c:/program files (x86)/atollic/truestudio for stm32 9.1.0/armtools/bin/../lib/gcc/arm-atollic-eabi/6.3.1/../../../../arm-atollic-eabi/lib/armv7e-m/softfp\libc_nano.a
LOAD c:/program files (x86)/atollic/truestudio for stm32 9.1.0/armtools/bin/../lib/gcc/arm-atollic-eabi/6.3.1/../../../../arm-atollic-eabi/lib/armv7e-m/softfp\libm.a
END GROUP
START GROUP
LOAD c:/program files (x86)/atollic/truestudio for stm32 9.1.0/armtools/bin/../lib/gcc/arm-atollic-eabi/6.3.1/armv7e-m/softfp\libgcc.a
LOAD c:/program files (x86)/atollic/truestudio for stm32 9.1.0/armtools/bin/../lib/gcc/arm-atollic-eabi/6.3.1/../../../../arm-atollic-eabi/lib/armv7e-m/softfp\libc_nano.a
END GROUP
START GROUP
LOAD c:/program files (x86)/atollic/truestudio for stm32 9.1.0/armtools/bin/../lib/gcc/arm-atollic-eabi/6.3.1/armv7e-m/softfp\libgcc.a
LOAD c:/program files (x86)/atollic/truestudio for stm32 9.1.0/armtools/bin/../lib/gcc/arm-atollic-eabi/6.3.1/../../../../arm-atollic-eabi/lib/armv7e-m/softfp\libc_nano.a
LOAD c:/program files (x86)/atollic/truestudio for stm32 9.1.0/armtools/bin/../lib/gcc/arm-atollic-eabi/6.3.1/../../../../arm-atollic-eabi/lib/armv7e-m/softfp\libnosys.a
END GROUP
START GROUP
LOAD c:/program files (x86)/atollic/truestudio for stm32 9.1.0/armtools/bin/../lib/gcc/arm-atollic-eabi/6.3.1/armv7e-m/softfp\libgcc.a
LOAD c:/program files (x86)/atollic/truestudio for stm32 9.1.0/armtools/bin/../lib/gcc/arm-atollic-eabi/6.3.1/../../../../arm-atollic-eabi/lib/armv7e-m/softfp\libc_nano.a
LOAD c:/program files (x86)/atollic/truestudio for stm32 9.1.0/armtools/bin/../lib/gcc/arm-atollic-eabi/6.3.1/../../../../arm-atollic-eabi/lib/armv7e-m/softfp\libnosys.a
END GROUP
LOAD c:/program files (x86)/atollic/truestudio for stm32 9.1.0/armtools/bin/../lib/gcc/arm-atollic-eabi/6.3.1/armv7e-m/softfp/crtend.o
LOAD c:/program files (x86)/atollic/truestudio for stm32 9.1.0/armtools/bin/../lib/gcc/arm-atollic-eabi/6.3.1/armv7e-m/softfp/crtn.o
                0x20020000                _estack = 0x20020000
                0x00000000                _Min_Heap_Size = 0x0
                0x00000400                _Min_Stack_Size = 0x400

.isr_vector     0x08000000      0x188
                0x08000000                . = ALIGN (0x4)
 *(.isr_vector)
 .isr_vector    0x08000000      0x188 src\startup_stm32f4xx.o
                0x08000000                g_pfnVectors
                0x08000188                . = ALIGN (0x4)

.text           0x08000190     0x554c
                0x08000190                . = ALIGN (0x4)
 *(.text)
 .text          0x08000190       0x40 c:/program files (x86)/atollic/truestudio for stm32 9.1.0/armtools/bin/../lib/gcc/arm-atollic-eabi/6.3.1/armv7e-m/softfp/crtbegin.o
 .text          0x080001d0      0x370 c:/program files (x86)/atollic/truestudio for stm32 9.1.0/armtools/bin/../lib/gcc/arm-atollic-eabi/6.3.1/armv7e-m/softfp\libgcc.a(_arm_addsubdf3.o)
                0x080001d0                __aeabi_drsub
                0x080001d8                __aeabi_dsub
                0x080001d8                __subdf3
                0x080001dc                __aeabi_dadd
                0x080001dc                __adddf3
                0x08000454                __floatunsidf
                0x08000454                __aeabi_ui2d
                0x08000474                __floatsidf
                0x08000474                __aeabi_i2d
                0x08000498                __aeabi_f2d
                0x08000498                __extendsfdf2
                0x080004d4                __floatundidf
                0x080004d4                __aeabi_ul2d
                0x080004e4                __floatdidf
                0x080004e4                __aeabi_l2d
 .text          0x08000540      0x110 c:/program files (x86)/atollic/truestudio for stm32 9.1.0/armtools/bin/../lib/gcc/arm-atollic-eabi/6.3.1/armv7e-m/softfp\libgcc.a(_arm_cmpdf2.o)
                0x08000540                __gtdf2
                0x08000540                __gedf2
                0x08000548                __ltdf2
                0x08000548                __ledf2
                0x08000550                __nedf2
                0x08000550                __eqdf2
                0x08000550                __cmpdf2
                0x080005cc                __aeabi_cdrcmple
                0x080005dc                __aeabi_cdcmpeq
                0x080005dc                __aeabi_cdcmple
                0x080005ec                __aeabi_dcmpeq
                0x08000600                __aeabi_dcmplt
                0x08000614                __aeabi_dcmple
                0x08000628                __aeabi_dcmpge
                0x0800063c                __aeabi_dcmpgt
 .text          0x08000650       0x40 c:/program files (x86)/atollic/truestudio for stm32 9.1.0/armtools/bin/../lib/gcc/arm-atollic-eabi/6.3.1/armv7e-m/softfp\libgcc.a(_arm_fixunsdfsi.o)
                0x08000650                __aeabi_d2uiz
                0x08000650                __fixunsdfsi
 *(.text*)
 .text.xEventGroupCreate
                0x08000690       0x2e FreeRTOS_Source\event_groups.o
                0x08000690                xEventGroupCreate
 *fill*         0x080006be        0x2 
 .text.xEventGroupWaitBits
                0x080006c0      0x190 FreeRTOS_Source\event_groups.o
                0x080006c0                xEventGroupWaitBits
 .text.xEventGroupSetBits
                0x08000850      0x112 FreeRTOS_Source\event_groups.o
                0x08000850                xEventGroupSetBits
 .text.prvTestWaitCondition
                0x08000962       0x44 FreeRTOS_Source\event_groups.o
 .text.vListInitialise
                0x080009a6       0x40 FreeRTOS_Source\list.o
                0x080009a6                vListInitialise
 .text.vListInitialiseItem
                0x080009e6       0x1a FreeRTOS_Source\list.o
                0x080009e6                vListInitialiseItem
 .text.vListInsertEnd
                0x08000a00       0x48 FreeRTOS_Source\list.o
                0x08000a00                vListInsertEnd
 .text.vListInsert
                0x08000a48       0x72 FreeRTOS_Source\list.o
                0x08000a48                vListInsert
 .text.uxListRemove
                0x08000aba       0x54 FreeRTOS_Source\list.o
                0x08000aba                uxListRemove
 *fill*         0x08000b0e        0x2 
 .text.pxPortInitialiseStack
                0x08000b10       0x68 FreeRTOS_Source\portable\GCC\ARM_CM4F\port.o
                0x08000b10                pxPortInitialiseStack
 .text.prvTaskExitError
                0x08000b78       0x3c FreeRTOS_Source\portable\GCC\ARM_CM4F\port.o
 *fill*         0x08000bb4        0xc 
 .text.SVC_Handler
                0x08000bc0       0x28 FreeRTOS_Source\portable\GCC\ARM_CM4F\port.o
                0x08000bc0                SVC_Handler
 .text.prvPortStartFirstTask
                0x08000be8       0x20 FreeRTOS_Source\portable\GCC\ARM_CM4F\port.o
 .text.xPortStartScheduler
                0x08000c08      0x118 FreeRTOS_Source\portable\GCC\ARM_CM4F\port.o
                0x08000c08                xPortStartScheduler
 .text.vPortEnterCritical
                0x08000d20       0x5c FreeRTOS_Source\portable\GCC\ARM_CM4F\port.o
                0x08000d20                vPortEnterCritical
 .text.vPortExitCritical
                0x08000d7c       0x50 FreeRTOS_Source\portable\GCC\ARM_CM4F\port.o
                0x08000d7c                vPortExitCritical
 *fill*         0x08000dcc        0x4 
 .text.PendSV_Handler
                0x08000dd0       0x68 FreeRTOS_Source\portable\GCC\ARM_CM4F\port.o
                0x08000dd0                PendSV_Handler
 .text.SysTick_Handler
                0x08000e38       0x40 FreeRTOS_Source\portable\GCC\ARM_CM4F\port.o
                0x08000e38                SysTick_Handler
 .text.vPortSetupTimerInterrupt
                0x08000e78       0x38 FreeRTOS_Source\portable\GCC\ARM_CM4F\port.o
                0x08000e78                vPortSetupTimerInterrupt
 .text.vPortEnableVFP
                0x08000eb0       0x14 FreeRTOS_Source\portable\GCC\ARM_CM4F\port.o
 .text.vPortValidateInterruptPriority
                0x08000ec4       0x7c FreeRTOS_Source\portable\GCC\ARM_CM4F\port.o
                0x08000ec4                vPortValidateInterruptPriority
 .text.pvPortMalloc
                0x08000f40       0x94 FreeRTOS_Source\portable\MemMang\heap_1.o
                0x08000f40                pvPortMalloc
 .text.vPortFree
                0x08000fd4       0x2e FreeRTOS_Source\portable\MemMang\heap_1.o
                0x08000fd4                vPortFree
 *fill*         0x08001002        0x2 
 .text.xPortGetFreeHeapSize
                0x08001004       0x1c FreeRTOS_Source\portable\MemMang\heap_1.o
                0x08001004                xPortGetFreeHeapSize
 .text.xQueueGenericReset
                0x08001020       0xd0 FreeRTOS_Source\queue.o
                0x08001020                xQueueGenericReset
 .text.xQueueGenericCreate
                0x080010f0       0x72 FreeRTOS_Source\queue.o
                0x080010f0                xQueueGenericCreate
 .text.prvInitialiseNewQueue
                0x08001162       0x3e FreeRTOS_Source\queue.o
 .text.xQueueGenericSend
                0x080011a0      0x1f4 FreeRTOS_Source\queue.o
                0x080011a0                xQueueGenericSend
 .text.xQueueGenericSendFromISR
                0x08001394      0x128 FreeRTOS_Source\queue.o
                0x08001394                xQueueGenericSendFromISR
 .text.xQueueGenericReceive
                0x080014bc      0x224 FreeRTOS_Source\queue.o
                0x080014bc                xQueueGenericReceive
 .text.prvCopyDataToQueue
                0x080016e0       0xd4 FreeRTOS_Source\queue.o
 .text.prvCopyDataFromQueue
                0x080017b4       0x4c FreeRTOS_Source\queue.o
 .text.prvUnlockQueue
                0x08001800       0xa4 FreeRTOS_Source\queue.o
 .text.prvIsQueueEmpty
                0x080018a4       0x2c FreeRTOS_Source\queue.o
 .text.prvIsQueueFull
                0x080018d0       0x30 FreeRTOS_Source\queue.o
 .text.vQueueAddToRegistry
                0x08001900       0x50 FreeRTOS_Source\queue.o
                0x08001900                vQueueAddToRegistry
 .text.vQueueWaitForMessageRestricted
                0x08001950       0x68 FreeRTOS_Source\queue.o
                0x08001950                vQueueWaitForMessageRestricted
 .text.xTaskCreate
                0x080019b8       0x82 FreeRTOS_Source\tasks.o
                0x080019b8                xTaskCreate
 .text.prvInitialiseNewTask
                0x08001a3a      0x10c FreeRTOS_Source\tasks.o
 *fill*         0x08001b46        0x2 
 .text.prvAddNewTaskToReadyList
                0x08001b48       0xd4 FreeRTOS_Source\tasks.o
 .text.vTaskDelay
                0x08001c1c       0x68 FreeRTOS_Source\tasks.o
                0x08001c1c                vTaskDelay
 .text.vTaskStartScheduler
                0x08001c84       0x98 FreeRTOS_Source\tasks.o
                0x08001c84                vTaskStartScheduler
 .text.vTaskSuspendAll
                0x08001d1c       0x1c FreeRTOS_Source\tasks.o
                0x08001d1c                vTaskSuspendAll
 .text.xTaskResumeAll
                0x08001d38      0x138 FreeRTOS_Source\tasks.o
                0x08001d38                xTaskResumeAll
 .text.xTaskGetTickCount
                0x08001e70       0x20 FreeRTOS_Source\tasks.o
                0x08001e70                xTaskGetTickCount
 .text.xTaskIncrementTick
                0x08001e90      0x178 FreeRTOS_Source\tasks.o
                0x08001e90                xTaskIncrementTick
 .text.vTaskSwitchContext
                0x08002008      0x100 FreeRTOS_Source\tasks.o
                0x08002008                vTaskSwitchContext
 .text.vTaskPlaceOnEventList
                0x08002108       0x48 FreeRTOS_Source\tasks.o
                0x08002108                vTaskPlaceOnEventList
 .text.vTaskPlaceOnUnorderedEventList
                0x08002150       0x74 FreeRTOS_Source\tasks.o
                0x08002150                vTaskPlaceOnUnorderedEventList
 .text.vTaskPlaceOnEventListRestricted
                0x080021c4       0x54 FreeRTOS_Source\tasks.o
                0x080021c4                vTaskPlaceOnEventListRestricted
 .text.xTaskRemoveFromEventList
                0x08002218       0xc4 FreeRTOS_Source\tasks.o
                0x08002218                xTaskRemoveFromEventList
 .text.xTaskRemoveFromUnorderedEventList
                0x080022dc       0xcc FreeRTOS_Source\tasks.o
                0x080022dc                xTaskRemoveFromUnorderedEventList
 .text.vTaskSetTimeOutState
                0x080023a8       0x48 FreeRTOS_Source\tasks.o
                0x080023a8                vTaskSetTimeOutState
 .text.xTaskCheckForTimeOut
                0x080023f0       0xbc FreeRTOS_Source\tasks.o
                0x080023f0                xTaskCheckForTimeOut
 .text.vTaskMissedYield
                0x080024ac       0x18 FreeRTOS_Source\tasks.o
                0x080024ac                vTaskMissedYield
 .text.prvIdleTask
                0x080024c4       0x34 FreeRTOS_Source\tasks.o
 .text.prvInitialiseTaskLists
                0x080024f8       0x80 FreeRTOS_Source\tasks.o
 .text.prvCheckTasksWaitingTermination
                0x08002578       0x78 FreeRTOS_Source\tasks.o
 .text.prvDeleteTCB
                0x080025f0       0x20 FreeRTOS_Source\tasks.o
 .text.prvResetNextTaskUnblockTime
                0x08002610       0x4c FreeRTOS_Source\tasks.o
 .text.xTaskGetSchedulerState
                0x0800265c       0x3c FreeRTOS_Source\tasks.o
                0x0800265c                xTaskGetSchedulerState
 .text.vTaskPriorityInherit
                0x08002698       0xec FreeRTOS_Source\tasks.o
                0x08002698                vTaskPriorityInherit
 .text.xTaskPriorityDisinherit
                0x08002784      0x108 FreeRTOS_Source\tasks.o
                0x08002784                xTaskPriorityDisinherit
 .text.uxTaskResetEventItemValue
                0x0800288c       0x30 FreeRTOS_Source\tasks.o
                0x0800288c                uxTaskResetEventItemValue
 .text.pvTaskIncrementMutexHeldCount
                0x080028bc       0x28 FreeRTOS_Source\tasks.o
                0x080028bc                pvTaskIncrementMutexHeldCount
 .text.prvAddCurrentTaskToDelayedList
                0x080028e4       0xcc FreeRTOS_Source\tasks.o
 .text.xTimerCreateTimerTask
                0x080029b0       0x64 FreeRTOS_Source\timers.o
                0x080029b0                xTimerCreateTimerTask
 .text.xTimerCreate
                0x08002a14       0x3a FreeRTOS_Source\timers.o
                0x08002a14                xTimerCreate
 .text.prvInitialiseNewTimer
                0x08002a4e       0x62 FreeRTOS_Source\timers.o
 .text.xTimerGenericCommand
                0x08002ab0       0x98 FreeRTOS_Source\timers.o
                0x08002ab0                xTimerGenericCommand
 .text.prvProcessExpiredTimer
                0x08002b48       0x80 FreeRTOS_Source\timers.o
 .text.prvTimerTask
                0x08002bc8       0x24 FreeRTOS_Source\timers.o
 .text.prvProcessTimerOrBlockTask
                0x08002bec       0x9c FreeRTOS_Source\timers.o
 .text.prvGetNextExpireTime
                0x08002c88       0x48 FreeRTOS_Source\timers.o
 .text.prvSampleTimeNow
                0x08002cd0       0x40 FreeRTOS_Source\timers.o
 .text.prvInsertTimerInActiveList
                0x08002d10       0x84 FreeRTOS_Source\timers.o
 .text.prvProcessReceivedCommands
                0x08002d94      0x124 FreeRTOS_Source\timers.o
 .text.prvSwitchTimerLists
                0x08002eb8       0xc0 FreeRTOS_Source\timers.o
 .text.prvCheckForValidListAndQueue
                0x08002f78       0x6c FreeRTOS_Source\timers.o
 .text.ADC_Init
                0x08002fe4       0xac Libraries\STM32F4xx_StdPeriph_Driver\src\stm32f4xx_adc.o
                0x08002fe4                ADC_Init
 .text.ADC_Cmd  0x08003090       0x38 Libraries\STM32F4xx_StdPeriph_Driver\src\stm32f4xx_adc.o
                0x08003090                ADC_Cmd
 .text.ADC_RegularChannelConfig
                0x080030c8      0x194 Libraries\STM32F4xx_StdPeriph_Driver\src\stm32f4xx_adc.o
                0x080030c8                ADC_RegularChannelConfig
 .text.ADC_SoftwareStartConv
                0x0800325c       0x20 Libraries\STM32F4xx_StdPeriph_Driver\src\stm32f4xx_adc.o
                0x0800325c                ADC_SoftwareStartConv
 .text.ADC_GetConversionValue
                0x0800327c       0x1a Libraries\STM32F4xx_StdPeriph_Driver\src\stm32f4xx_adc.o
                0x0800327c                ADC_GetConversionValue
 .text.ADC_GetFlagStatus
                0x08003296       0x34 Libraries\STM32F4xx_StdPeriph_Driver\src\stm32f4xx_adc.o
                0x08003296                ADC_GetFlagStatus
 *fill*         0x080032ca        0x2 
 .text.DAC_SetChannel1Data
                0x080032cc       0x38 Libraries\STM32F4xx_StdPeriph_Driver\src\stm32f4xx_dac.o
                0x080032cc                DAC_SetChannel1Data
 .text.DMA_Init
                0x08003304       0xb0 Libraries\STM32F4xx_StdPeriph_Driver\src\stm32f4xx_dma.o
                0x08003304                DMA_Init
 .text.DMA_Cmd  0x080033b4       0x38 Libraries\STM32F4xx_StdPeriph_Driver\src\stm32f4xx_dma.o
                0x080033b4                DMA_Cmd
 .text.DMA_GetCmdStatus
                0x080033ec       0x30 Libraries\STM32F4xx_StdPeriph_Driver\src\stm32f4xx_dma.o
                0x080033ec                DMA_GetCmdStatus
 .text.DMA_GetFlagStatus
                0x0800341c       0x78 Libraries\STM32F4xx_StdPeriph_Driver\src\stm32f4xx_dma.o
                0x0800341c                DMA_GetFlagStatus
 .text.DMA_ClearFlag
                0x08003494       0x5c Libraries\STM32F4xx_StdPeriph_Driver\src\stm32f4xx_dma.o
                0x08003494                DMA_ClearFlag
 .text.GPIO_Init
                0x080034f0      0x11c Libraries\STM32F4xx_StdPeriph_Driver\src\stm32f4xx_gpio.o
                0x080034f0                GPIO_Init
 .text.GPIO_SetBits
                0x0800360c       0x1e Libraries\STM32F4xx_StdPeriph_Driver\src\stm32f4xx_gpio.o
                0x0800360c                GPIO_SetBits
 .text.GPIO_ResetBits
                0x0800362a       0x1e Libraries\STM32F4xx_StdPeriph_Driver\src\stm32f4xx_gpio.o
                0x0800362a                GPIO_ResetBits
 .text.RCC_AHB1PeriphClockCmd
                0x08003648       0x40 Libraries\STM32F4xx_StdPeriph_Driver\src\stm32f4xx_rcc.o
                0x08003648                RCC_AHB1PeriphClockCmd
 .text.RCC_APB2PeriphClockCmd
                0x08003688       0x40 Libraries\STM32F4xx_StdPeriph_Driver\src\stm32f4xx_rcc.o
                0x08003688                RCC_APB2PeriphClockCmd
 .text.SPI_I2S_SendData
                0x080036c8       0x1e Libraries\STM32F4xx_StdPeriph_Driver\src\stm32f4xx_spi.o
                0x080036c8                SPI_I2S_SendData
 .text.SPI_I2S_GetFlagStatus
                0x080036e6       0x38 Libraries\STM32F4xx_StdPeriph_Driver\src\stm32f4xx_spi.o
                0x080036e6                SPI_I2S_GetFlagStatus
 *fill*         0x0800371e        0x2 
 .text.Audio_MAL_IRQHandler
                0x08003720      0x100 Utilities\STM32F4-Discovery\stm32f4_discovery_audio_codec.o
 .text.DMA1_Stream7_IRQHandler
                0x08003820        0xc Utilities\STM32F4-Discovery\stm32f4_discovery_audio_codec.o
                0x08003820                DMA1_Stream7_IRQHandler
 .text.DMA1_Stream0_IRQHandler
                0x0800382c        0xc Utilities\STM32F4-Discovery\stm32f4_discovery_audio_codec.o
                0x0800382c                DMA1_Stream0_IRQHandler
 .text.SPI3_IRQHandler
                0x08003838       0x44 Utilities\STM32F4-Discovery\stm32f4_discovery_audio_codec.o
                0x08003838                SPI3_IRQHandler
 .text.GREEN_Status_Timer_Callback
                0x0800387c       0x58 src\LightTimers.o
                0x0800387c                GREEN_Status_Timer_Callback
 .text.YELLOW_Status_Timer_Callback
                0x080038d4       0x58 src\LightTimers.o
                0x080038d4                YELLOW_Status_Timer_Callback
 .text.RED_Status_Timer_Callback
                0x0800392c       0x58 src\LightTimers.o
                0x0800392c                RED_Status_Timer_Callback
 .text.EVAL_AUDIO_TransferComplete_CallBack
                0x08003984       0x16 src\STM32F4-Discovery_callback.o
                0x08003984                EVAL_AUDIO_TransferComplete_CallBack
 .text.EVAL_AUDIO_GetSampleCallBack
                0x0800399a       0x10 src\STM32F4-Discovery_callback.o
                0x0800399a                EVAL_AUDIO_GetSampleCallBack
 *fill*         0x080039aa        0x2 
 .text.Traffic_Flow_Task
                0x080039ac       0xe8 src\Traffic_Tasks.o
                0x080039ac                Traffic_Flow_Task
 .text.Traffic_Generator_Task
                0x08003a94      0x1d4 src\Traffic_Tasks.o
                0x08003a94                Traffic_Generator_Task
 .text.Traffic_Light_State_Task
                0x08003c68      0x178 src\Traffic_Tasks.o
                0x08003c68                Traffic_Light_State_Task
 .text.Sys_Display_Task
                0x08003de0       0xa8 src\Traffic_Tasks.o
                0x08003de0                Sys_Display_Task
 .text.SW_Timer_Init
                0x08003e88       0x78 src\main.o
                0x08003e88                SW_Timer_Init
 .text.Task_Init
                0x08003f00      0x160 src\main.o
                0x08003f00                Task_Init
 .text.GPIO_Hardware_Init
                0x08004060       0x58 src\main.o
                0x08004060                GPIO_Hardware_Init
 .text.Display_Reset_Bits_Init
                0x080040b8       0x38 src\main.o
                0x080040b8                Display_Reset_Bits_Init
 .text.GPIO_ADC_Init
                0x080040f0       0x84 src\main.o
                0x080040f0                GPIO_ADC_Init
 .text.main     0x08004174       0x40 src\main.o
                0x08004174                main
 .text.vApplicationMallocFailedHook
                0x080041b4        0x6 src\main.o
                0x080041b4                vApplicationMallocFailedHook
 .text.vApplicationStackOverflowHook
                0x080041ba        0xc src\main.o
                0x080041ba                vApplicationStackOverflowHook
 .text.vApplicationIdleHook
                0x080041c6       0x18 src\main.o
                0x080041c6                vApplicationIdleHook
 *fill*         0x080041de        0x2 
 .text.Reset_Handler
                0x080041e0       0x48 src\startup_stm32f4xx.o
                0x080041e0                Reset_Handler
 .text.Default_Handler
                0x08004228        0x2 src\startup_stm32f4xx.o
                0x08004228                RTC_Alarm_IRQHandler
                0x08004228                HASH_RNG_IRQHandler
                0x08004228                EXTI2_IRQHandler
                0x08004228                TIM8_CC_IRQHandler
                0x08004228                TIM1_CC_IRQHandler
                0x08004228                DMA2_Stream5_IRQHandler
                0x08004228                DMA1_Stream5_IRQHandler
                0x08004228                PVD_IRQHandler
                0x08004228                SDIO_IRQHandler
                0x08004228                TAMP_STAMP_IRQHandler
                0x08004228                CAN2_RX1_IRQHandler
                0x08004228                EXTI3_IRQHandler
                0x08004228                TIM8_TRG_COM_TIM14_IRQHandler
                0x08004228                TIM1_UP_TIM10_IRQHandler
                0x08004228                TIM8_UP_TIM13_IRQHandler
                0x08004228                I2C3_ER_IRQHandler
                0x08004228                EXTI0_IRQHandler
                0x08004228                I2C2_EV_IRQHandler
                0x08004228                DMA1_Stream2_IRQHandler
                0x08004228                CAN1_RX0_IRQHandler
                0x08004228                FPU_IRQHandler
                0x08004228                OTG_HS_WKUP_IRQHandler
                0x08004228                CAN2_SCE_IRQHandler
                0x08004228                DMA2_Stream2_IRQHandler
                0x08004228                SPI1_IRQHandler
                0x08004228                TIM6_DAC_IRQHandler
                0x08004228                TIM1_BRK_TIM9_IRQHandler
                0x08004228                DCMI_IRQHandler
                0x08004228                CAN2_RX0_IRQHandler
                0x08004228                DMA2_Stream3_IRQHandler
                0x08004228                USART6_IRQHandler
                0x08004228                USART3_IRQHandler
                0x08004228                CRYP_IRQHandler
                0x08004228                CAN1_RX1_IRQHandler
                0x08004228                UART5_IRQHandler
                0x08004228                DMA2_Stream0_IRQHandler
                0x08004228                TIM4_IRQHandler
                0x08004228                I2C1_EV_IRQHandler
                0x08004228                DMA1_Stream6_IRQHandler
                0x08004228                DMA1_Stream1_IRQHandler
                0x08004228                UART4_IRQHandler
                0x08004228                TIM3_IRQHandler
                0x08004228                RCC_IRQHandler
                0x08004228                TIM8_BRK_TIM12_IRQHandler
                0x08004228                Default_Handler
                0x08004228                EXTI15_10_IRQHandler
                0x08004228                ADC_IRQHandler
                0x08004228                TIM7_IRQHandler
                0x08004228                CAN2_TX_IRQHandler
                0x08004228                TIM5_IRQHandler
                0x08004228                DMA2_Stream7_IRQHandler
                0x08004228                I2C3_EV_IRQHandler
                0x08004228                EXTI9_5_IRQHandler
                0x08004228                RTC_WKUP_IRQHandler
                0x08004228                ETH_WKUP_IRQHandler
                0x08004228                SPI2_IRQHandler
                0x08004228                OTG_HS_EP1_IN_IRQHandler
                0x08004228                CAN1_TX_IRQHandler
                0x08004228                EXTI4_IRQHandler
                0x08004228                FSMC_IRQHandler
                0x08004228                ETH_IRQHandler
                0x08004228                OTG_HS_EP1_OUT_IRQHandler
                0x08004228                WWDG_IRQHandler
                0x08004228                TIM2_IRQHandler
                0x08004228                OTG_FS_WKUP_IRQHandler
                0x08004228                TIM1_TRG_COM_TIM11_IRQHandler
                0x08004228                OTG_HS_IRQHandler
                0x08004228                EXTI1_IRQHandler
                0x08004228                USART2_IRQHandler
                0x08004228                I2C2_ER_IRQHandler
                0x08004228                DMA2_Stream1_IRQHandler
                0x08004228                CAN1_SCE_IRQHandler
                0x08004228                FLASH_IRQHandler
                0x08004228                DMA2_Stream4_IRQHandler
                0x08004228                USART1_IRQHandler
                0x08004228                OTG_FS_IRQHandler
                0x08004228                DMA1_Stream4_IRQHandler
                0x08004228                I2C1_ER_IRQHandler
                0x08004228                DMA2_Stream6_IRQHandler
                0x08004228                DMA1_Stream3_IRQHandler
 .text.NMI_Handler
                0x0800422a        0xe src\stm32f4xx_it.o
                0x0800422a                NMI_Handler
 .text.HardFault_Handler
                0x08004238        0x6 src\stm32f4xx_it.o
                0x08004238                HardFault_Handler
 .text.MemManage_Handler
                0x0800423e        0x6 src\stm32f4xx_it.o
                0x0800423e                MemManage_Handler
 .text.BusFault_Handler
                0x08004244        0x6 src\stm32f4xx_it.o
                0x08004244                BusFault_Handler
 .text.UsageFault_Handler
                0x0800424a        0x6 src\stm32f4xx_it.o
                0x0800424a                UsageFault_Handler
 .text.DebugMon_Handler
                0x08004250        0xe src\stm32f4xx_it.o
                0x08004250                DebugMon_Handler
 *fill*         0x0800425e        0x2 
 .text.ITM_SendChar
                0x08004260       0x5c src\syscalls.o
 .text._write   0x080042bc       0x3c src\syscalls.o
                0x080042bc                _write
 .text._sbrk    0x080042f8       0x40 src\syscalls.o
                0x080042f8                _sbrk
 .text._close   0x08004338       0x24 src\syscalls.o
                0x08004338                _close
 .text._fstat   0x0800435c       0x24 src\syscalls.o
                0x0800435c                _fstat
 .text._isatty  0x08004380       0x20 src\syscalls.o
                0x08004380                _isatty
 .text._lseek   0x080043a0       0x28 src\syscalls.o
                0x080043a0                _lseek
 .text._read    0x080043c8       0x28 src\syscalls.o
                0x080043c8                _read
 .text.SystemInit
                0x080043f0       0x6c src\system_stm32f4xx.o
                0x080043f0                SystemInit
 .text.SetSysClock
                0x0800445c       0xf8 src\system_stm32f4xx.o
 .text.ts_itoa  0x08004554       0x92 src\tiny_printf.o
                0x08004554                ts_itoa
 .text.ts_formatstring
                0x080045e6      0x12e src\tiny_printf.o
                0x080045e6                ts_formatstring
 .text.ts_formatlength
                0x08004714      0x12c src\tiny_printf.o
                0x08004714                ts_formatlength
 .text.printf   0x08004840       0x92 src\tiny_printf.o
                0x08004840                printf
 *fill*         0x080048d2        0x6 
 .text.floor    0x080048d8      0x108 c:/program files (x86)/atollic/truestudio for stm32 9.1.0/armtools/bin/../lib/gcc/arm-atollic-eabi/6.3.1/../../../../arm-atollic-eabi/lib/armv7e-m/softfp\libm.a(lib_a-s_floor.o)
                0x080048d8                floor
 .text.__libc_init_array
                0x080049e0       0x48 c:/program files (x86)/atollic/truestudio for stm32 9.1.0/armtools/bin/../lib/gcc/arm-atollic-eabi/6.3.1/../../../../arm-atollic-eabi/lib/armv7e-m/softfp\libc_nano.a(lib_a-init.o)
                0x080049e0                __libc_init_array
 .text.memcpy   0x08004a28       0x16 c:/program files (x86)/atollic/truestudio for stm32 9.1.0/armtools/bin/../lib/gcc/arm-atollic-eabi/6.3.1/../../../../arm-atollic-eabi/lib/armv7e-m/softfp\libc_nano.a(lib_a-memcpy-stub.o)
                0x08004a28                memcpy
 .text.memset   0x08004a3e       0x10 c:/program files (x86)/atollic/truestudio for stm32 9.1.0/armtools/bin/../lib/gcc/arm-atollic-eabi/6.3.1/../../../../arm-atollic-eabi/lib/armv7e-m/softfp\libc_nano.a(lib_a-memset.o)
                0x08004a3e                memset
 *fill*         0x08004a4e        0x2 
 .text._puts_r  0x08004a50       0xb8 c:/program files (x86)/atollic/truestudio for stm32 9.1.0/armtools/bin/../lib/gcc/arm-atollic-eabi/6.3.1/../../../../arm-atollic-eabi/lib/armv7e-m/softfp\libc_nano.a(lib_a-puts.o)
                0x08004a50                _puts_r
 .text.puts     0x08004b08       0x10 c:/program files (x86)/atollic/truestudio for stm32 9.1.0/armtools/bin/../lib/gcc/arm-atollic-eabi/6.3.1/../../../../arm-atollic-eabi/lib/armv7e-m/softfp\libc_nano.a(lib_a-puts.o)
                0x08004b08                puts
 .text.rand     0x08004b18       0x74 c:/program files (x86)/atollic/truestudio for stm32 9.1.0/armtools/bin/../lib/gcc/arm-atollic-eabi/6.3.1/../../../../arm-atollic-eabi/lib/armv7e-m/softfp\libc_nano.a(lib_a-rand.o)
                0x08004b18                rand
 .text.__swbuf_r
                0x08004b8c       0xa4 c:/program files (x86)/atollic/truestudio for stm32 9.1.0/armtools/bin/../lib/gcc/arm-atollic-eabi/6.3.1/../../../../arm-atollic-eabi/lib/armv7e-m/softfp\libc_nano.a(lib_a-wbuf.o)
                0x08004b8c                __swbuf_r
 .text.__swsetup_r
                0x08004c30       0xdc c:/program files (x86)/atollic/truestudio for stm32 9.1.0/armtools/bin/../lib/gcc/arm-atollic-eabi/6.3.1/../../../../arm-atollic-eabi/lib/armv7e-m/softfp\libc_nano.a(lib_a-wsetup.o)
                0x08004c30                __swsetup_r
 .text.__sflush_r
                0x08004d0c      0x110 c:/program files (x86)/atollic/truestudio for stm32 9.1.0/armtools/bin/../lib/gcc/arm-atollic-eabi/6.3.1/../../../../arm-atollic-eabi/lib/armv7e-m/softfp\libc_nano.a(lib_a-fflush.o)
                0x08004d0c                __sflush_r
 .text._fflush_r
                0x08004e1c       0x54 c:/program files (x86)/atollic/truestudio for stm32 9.1.0/armtools/bin/../lib/gcc/arm-atollic-eabi/6.3.1/../../../../arm-atollic-eabi/lib/armv7e-m/softfp\libc_nano.a(lib_a-fflush.o)
                0x08004e1c                _fflush_r
 .text._cleanup_r
                0x08004e70        0xc c:/program files (x86)/atollic/truestudio for stm32 9.1.0/armtools/bin/../lib/gcc/arm-atollic-eabi/6.3.1/../../../../arm-atollic-eabi/lib/armv7e-m/softfp\libc_nano.a(lib_a-findfp.o)
                0x08004e70                _cleanup_r
 .text.std.isra.0
                0x08004e7c       0x48 c:/program files (x86)/atollic/truestudio for stm32 9.1.0/armtools/bin/../lib/gcc/arm-atollic-eabi/6.3.1/../../../../arm-atollic-eabi/lib/armv7e-m/softfp\libc_nano.a(lib_a-findfp.o)
 .text.__sfmoreglue
                0x08004ec4       0x2c c:/program files (x86)/atollic/truestudio for stm32 9.1.0/armtools/bin/../lib/gcc/arm-atollic-eabi/6.3.1/../../../../arm-atollic-eabi/lib/armv7e-m/softfp\libc_nano.a(lib_a-findfp.o)
                0x08004ec4                __sfmoreglue
 .text.__sinit  0x08004ef0       0x60 c:/program files (x86)/atollic/truestudio for stm32 9.1.0/armtools/bin/../lib/gcc/arm-atollic-eabi/6.3.1/../../../../arm-atollic-eabi/lib/armv7e-m/softfp\libc_nano.a(lib_a-findfp.o)
                0x08004ef0                __sinit
 .text.__sfp    0x08004f50       0x78 c:/program files (x86)/atollic/truestudio for stm32 9.1.0/armtools/bin/../lib/gcc/arm-atollic-eabi/6.3.1/../../../../arm-atollic-eabi/lib/armv7e-m/softfp\libc_nano.a(lib_a-findfp.o)
                0x08004f50                __sfp
 .text._fwalk_reent
                0x08004fc8       0x3c c:/program files (x86)/atollic/truestudio for stm32 9.1.0/armtools/bin/../lib/gcc/arm-atollic-eabi/6.3.1/../../../../arm-atollic-eabi/lib/armv7e-m/softfp\libc_nano.a(lib_a-fwalk.o)
                0x08004fc8                _fwalk_reent
 .text.__swhatbuf_r
                0x08005004       0x48 c:/program files (x86)/atollic/truestudio for stm32 9.1.0/armtools/bin/../lib/gcc/arm-atollic-eabi/6.3.1/../../../../arm-atollic-eabi/lib/armv7e-m/softfp\libc_nano.a(lib_a-makebuf.o)
                0x08005004                __swhatbuf_r
 .text.__smakebuf_r
                0x0800504c       0x80 c:/program files (x86)/atollic/truestudio for stm32 9.1.0/armtools/bin/../lib/gcc/arm-atollic-eabi/6.3.1/../../../../arm-atollic-eabi/lib/armv7e-m/softfp\libc_nano.a(lib_a-makebuf.o)
                0x0800504c                __smakebuf_r
 .text.malloc   0x080050cc       0x10 c:/program files (x86)/atollic/truestudio for stm32 9.1.0/armtools/bin/../lib/gcc/arm-atollic-eabi/6.3.1/../../../../arm-atollic-eabi/lib/armv7e-m/softfp\libc_nano.a(lib_a-malloc.o)
                0x080050cc                malloc
 .text._free_r  0x080050dc       0x9c c:/program files (x86)/atollic/truestudio for stm32 9.1.0/armtools/bin/../lib/gcc/arm-atollic-eabi/6.3.1/../../../../arm-atollic-eabi/lib/armv7e-m/softfp\libc_nano.a(lib_a-nano-freer.o)
                0x080050dc                _free_r
 .text._malloc_r
                0x08005178       0xbc c:/program files (x86)/atollic/truestudio for stm32 9.1.0/armtools/bin/../lib/gcc/arm-atollic-eabi/6.3.1/../../../../arm-atollic-eabi/lib/armv7e-m/softfp\libc_nano.a(lib_a-nano-mallocr.o)
                0x08005178                _malloc_r
 .text._sbrk_r  0x08005234       0x20 c:/program files (x86)/atollic/truestudio for stm32 9.1.0/armtools/bin/../lib/gcc/arm-atollic-eabi/6.3.1/../../../../arm-atollic-eabi/lib/armv7e-m/softfp\libc_nano.a(lib_a-sbrkr.o)
                0x08005234                _sbrk_r
 .text.__sread  0x08005254       0x22 c:/program files (x86)/atollic/truestudio for stm32 9.1.0/armtools/bin/../lib/gcc/arm-atollic-eabi/6.3.1/../../../../arm-atollic-eabi/lib/armv7e-m/softfp\libc_nano.a(lib_a-stdio.o)
                0x08005254                __sread
 .text.__swrite
                0x08005276       0x38 c:/program files (x86)/atollic/truestudio for stm32 9.1.0/armtools/bin/../lib/gcc/arm-atollic-eabi/6.3.1/../../../../arm-atollic-eabi/lib/armv7e-m/softfp\libc_nano.a(lib_a-stdio.o)
                0x08005276                __swrite
 .text.__sseek  0x080052ae       0x24 c:/program files (x86)/atollic/truestudio for stm32 9.1.0/armtools/bin/../lib/gcc/arm-atollic-eabi/6.3.1/../../../../arm-atollic-eabi/lib/armv7e-m/softfp\libc_nano.a(lib_a-stdio.o)
                0x080052ae                __sseek
 .text.__sclose
                0x080052d2        0x8 c:/program files (x86)/atollic/truestudio for stm32 9.1.0/armtools/bin/../lib/gcc/arm-atollic-eabi/6.3.1/../../../../arm-atollic-eabi/lib/armv7e-m/softfp\libc_nano.a(lib_a-stdio.o)
                0x080052d2                __sclose
 *fill*         0x080052da        0x2 
 .text._write_r
                0x080052dc       0x24 c:/program files (x86)/atollic/truestudio for stm32 9.1.0/armtools/bin/../lib/gcc/arm-atollic-eabi/6.3.1/../../../../arm-atollic-eabi/lib/armv7e-m/softfp\libc_nano.a(lib_a-writer.o)
                0x080052dc                _write_r
 .text._close_r
                0x08005300       0x20 c:/program files (x86)/atollic/truestudio for stm32 9.1.0/armtools/bin/../lib/gcc/arm-atollic-eabi/6.3.1/../../../../arm-atollic-eabi/lib/armv7e-m/softfp\libc_nano.a(lib_a-closer.o)
                0x08005300                _close_r
 .text._fstat_r
                0x08005320       0x24 c:/program files (x86)/atollic/truestudio for stm32 9.1.0/armtools/bin/../lib/gcc/arm-atollic-eabi/6.3.1/../../../../arm-atollic-eabi/lib/armv7e-m/softfp\libc_nano.a(lib_a-fstatr.o)
                0x08005320                _fstat_r
 .text._isatty_r
                0x08005344       0x20 c:/program files (x86)/atollic/truestudio for stm32 9.1.0/armtools/bin/../lib/gcc/arm-atollic-eabi/6.3.1/../../../../arm-atollic-eabi/lib/armv7e-m/softfp\libc_nano.a(lib_a-isattyr.o)
                0x08005344                _isatty_r
 .text._lseek_r
                0x08005364       0x24 c:/program files (x86)/atollic/truestudio for stm32 9.1.0/armtools/bin/../lib/gcc/arm-atollic-eabi/6.3.1/../../../../arm-atollic-eabi/lib/armv7e-m/softfp\libc_nano.a(lib_a-lseekr.o)
                0x08005364                _lseek_r
 .text.__malloc_lock
                0x08005388        0x2 c:/program files (x86)/atollic/truestudio for stm32 9.1.0/armtools/bin/../lib/gcc/arm-atollic-eabi/6.3.1/../../../../arm-atollic-eabi/lib/armv7e-m/softfp\libc_nano.a(lib_a-mlock.o)
                0x08005388                __malloc_lock
 .text.__malloc_unlock
                0x0800538a        0x2 c:/program files (x86)/atollic/truestudio for stm32 9.1.0/armtools/bin/../lib/gcc/arm-atollic-eabi/6.3.1/../../../../arm-atollic-eabi/lib/armv7e-m/softfp\libc_nano.a(lib_a-mlock.o)
                0x0800538a                __malloc_unlock
 .text._read_r  0x0800538c       0x24 c:/program files (x86)/atollic/truestudio for stm32 9.1.0/armtools/bin/../lib/gcc/arm-atollic-eabi/6.3.1/../../../../arm-atollic-eabi/lib/armv7e-m/softfp\libc_nano.a(lib_a-readr.o)
                0x0800538c                _read_r
 *(.rodata)
 .rodata        0x080053b0        0x5 FreeRTOS_Source\tasks.o
 *fill*         0x080053b5        0x3 
 .rodata        0x080053b8        0xd FreeRTOS_Source\timers.o
 *fill*         0x080053c5        0x3 
 .rodata        0x080053c8       0x5e src\LightTimers.o
 *fill*         0x08005426        0x2 
 .rodata        0x08005428      0x160 src\Traffic_Tasks.o
 .rodata        0x08005588       0xd6 src\main.o
 *(.rodata*)
 *fill*         0x0800565e        0x2 
 .rodata.__sf_fake_stderr
                0x08005660       0x20 c:/program files (x86)/atollic/truestudio for stm32 9.1.0/armtools/bin/../lib/gcc/arm-atollic-eabi/6.3.1/../../../../arm-atollic-eabi/lib/armv7e-m/softfp\libc_nano.a(lib_a-findfp.o)
                0x08005660                __sf_fake_stderr
 .rodata.__sf_fake_stdin
                0x08005680       0x20 c:/program files (x86)/atollic/truestudio for stm32 9.1.0/armtools/bin/../lib/gcc/arm-atollic-eabi/6.3.1/../../../../arm-atollic-eabi/lib/armv7e-m/softfp\libc_nano.a(lib_a-findfp.o)
                0x08005680                __sf_fake_stdin
 .rodata.__sf_fake_stdout
                0x080056a0       0x20 c:/program files (x86)/atollic/truestudio for stm32 9.1.0/armtools/bin/../lib/gcc/arm-atollic-eabi/6.3.1/../../../../arm-atollic-eabi/lib/armv7e-m/softfp\libc_nano.a(lib_a-findfp.o)
                0x080056a0                __sf_fake_stdout
 .rodata._global_impure_ptr
                0x080056c0        0x4 c:/program files (x86)/atollic/truestudio for stm32 9.1.0/armtools/bin/../lib/gcc/arm-atollic-eabi/6.3.1/../../../../arm-atollic-eabi/lib/armv7e-m/softfp\libc_nano.a(lib_a-impure.o)
                0x080056c0                _global_impure_ptr
 *(.glue_7)
 .glue_7        0x080056c4        0x0 linker stubs
 *(.glue_7t)
 .glue_7t       0x080056c4        0x0 linker stubs
 *(.eh_frame)
 .eh_frame      0x080056c4        0x0 c:/program files (x86)/atollic/truestudio for stm32 9.1.0/armtools/bin/../lib/gcc/arm-atollic-eabi/6.3.1/armv7e-m/softfp/crtbegin.o
 *(.init)
 .init          0x080056c4        0x4 c:/program files (x86)/atollic/truestudio for stm32 9.1.0/armtools/bin/../lib/gcc/arm-atollic-eabi/6.3.1/armv7e-m/softfp/crti.o
                0x080056c4                _init
 .init          0x080056c8        0x8 c:/program files (x86)/atollic/truestudio for stm32 9.1.0/armtools/bin/../lib/gcc/arm-atollic-eabi/6.3.1/armv7e-m/softfp/crtn.o
 *(.fini)
 .fini          0x080056d0        0x4 c:/program files (x86)/atollic/truestudio for stm32 9.1.0/armtools/bin/../lib/gcc/arm-atollic-eabi/6.3.1/armv7e-m/softfp/crti.o
                0x080056d0                _fini
 .fini          0x080056d4        0x8 c:/program files (x86)/atollic/truestudio for stm32 9.1.0/armtools/bin/../lib/gcc/arm-atollic-eabi/6.3.1/armv7e-m/softfp/crtn.o
                0x080056dc                . = ALIGN (0x4)
                0x080056dc                _etext = .

.vfp11_veneer   0x080056dc        0x0
 .vfp11_veneer  0x080056dc        0x0 linker stubs

.v4_bx          0x080056dc        0x0
 .v4_bx         0x080056dc        0x0 linker stubs

.iplt           0x080056dc        0x0
 .iplt          0x080056dc        0x0 c:/program files (x86)/atollic/truestudio for stm32 9.1.0/armtools/bin/../lib/gcc/arm-atollic-eabi/6.3.1/armv7e-m/softfp/crtbegin.o

.rel.dyn        0x080056dc        0x0
 .rel.iplt      0x080056dc        0x0 c:/program files (x86)/atollic/truestudio for stm32 9.1.0/armtools/bin/../lib/gcc/arm-atollic-eabi/6.3.1/armv7e-m/softfp/crtbegin.o

.ARM.extab
 *(.ARM.extab* .gnu.linkonce.armextab.*)

.ARM            0x080056dc        0x0
                0x080056dc                __exidx_start = .
 *(.ARM.exidx*)
                0x080056dc                __exidx_end = .

.preinit_array  0x080056dc        0x0
                0x080056dc                PROVIDE (__preinit_array_start, .)
 *(.preinit_array*)
                0x080056dc                PROVIDE (__preinit_array_end, .)

.init_array     0x080056dc        0x4
                0x080056dc                PROVIDE (__init_array_start, .)
 *(SORT(.init_array.*))
 *(.init_array*)
 .init_array    0x080056dc        0x4 c:/program files (x86)/atollic/truestudio for stm32 9.1.0/armtools/bin/../lib/gcc/arm-atollic-eabi/6.3.1/armv7e-m/softfp/crtbegin.o
                0x080056e0                PROVIDE (__init_array_end, .)

.fini_array     0x080056e0        0x4
                [!provide]                PROVIDE (__fini_array_start, .)
 *(SORT(.fini_array.*))
 *(.fini_array*)
 .fini_array    0x080056e0        0x4 c:/program files (x86)/atollic/truestudio for stm32 9.1.0/armtools/bin/../lib/gcc/arm-atollic-eabi/6.3.1/armv7e-m/softfp/crtbegin.o
                [!provide]                PROVIDE (__fini_array_end, .)
                0x080056e4                _sidata = LOADADDR (.data)

.data           0x20000000       0x7c load address 0x080056e4
                0x20000000                . = ALIGN (0x4)
                0x20000000                _sdata = .
 *(.data)
 *(.data*)
 .data.uxCriticalNesting
                0x20000000        0x4 FreeRTOS_Source\portable\GCC\ARM_CM4F\port.o
 .data.AudioRemSize
                0x20000004        0x4 Utilities\STM32F4-Discovery\stm32f4_discovery_audio_codec.o
                0x20000004                AudioRemSize
 .data.CurrAudioInterface
                0x20000008        0x4 Utilities\STM32F4-Discovery\stm32f4_discovery_audio_codec.o
                0x20000008                CurrAudioInterface
 .data.AUDIO_MAL_DMA_STREAM
                0x2000000c        0x4 Utilities\STM32F4-Discovery\stm32f4_discovery_audio_codec.o
                0x2000000c                AUDIO_MAL_DMA_STREAM
 .data.AUDIO_MAL_DMA_FLAG_TC
                0x20000010        0x4 Utilities\STM32F4-Discovery\stm32f4_discovery_audio_codec.o
                0x20000010                AUDIO_MAL_DMA_FLAG_TC
 .data.SystemCoreClock
                0x20000014        0x4 src\system_stm32f4xx.o
                0x20000014                SystemCoreClock
 .data._impure_ptr
                0x20000018        0x4 c:/program files (x86)/atollic/truestudio for stm32 9.1.0/armtools/bin/../lib/gcc/arm-atollic-eabi/6.3.1/../../../../arm-atollic-eabi/lib/armv7e-m/softfp\libc_nano.a(lib_a-impure.o)
                0x20000018                _impure_ptr
 .data.impure_data
                0x2000001c       0x60 c:/program files (x86)/atollic/truestudio for stm32 9.1.0/armtools/bin/../lib/gcc/arm-atollic-eabi/6.3.1/../../../../arm-atollic-eabi/lib/armv7e-m/softfp\libc_nano.a(lib_a-impure.o)
                0x2000007c                . = ALIGN (0x4)
                0x2000007c                _edata = .
                0x08005760                _siccmram = LOADADDR (.ccmram)

.igot.plt       0x2000007c        0x0 load address 0x08005760
 .igot.plt      0x2000007c        0x0 c:/program files (x86)/atollic/truestudio for stm32 9.1.0/armtools/bin/../lib/gcc/arm-atollic-eabi/6.3.1/armv7e-m/softfp/crtbegin.o

.ccmram         0x10000000        0x0 load address 0x08005760
                0x10000000                . = ALIGN (0x4)
                0x10000000                _sccmram = .
 *(.ccmram)
 *(.ccmram*)
                0x10000000                . = ALIGN (0x4)
                0x10000000                _eccmram = .
                0x10000000                . = ALIGN (0x4)

.bss            0x2000007c     0x1e74
                0x2000007c                _sbss = .
                0x2000007c                __bss_start__ = _sbss
 *(.bss)
 .bss           0x2000007c       0x1c c:/program files (x86)/atollic/truestudio for stm32 9.1.0/armtools/bin/../lib/gcc/arm-atollic-eabi/6.3.1/armv7e-m/softfp/crtbegin.o
 *(.bss*)
 .bss.ucMaxSysCallPriority
                0x20000098        0x1 FreeRTOS_Source\portable\GCC\ARM_CM4F\port.o
 *fill*         0x20000099        0x3 
 .bss.ulMaxPRIGROUPValue
                0x2000009c        0x4 FreeRTOS_Source\portable\GCC\ARM_CM4F\port.o
 .bss.ucHeap    0x200000a0     0x1c00 FreeRTOS_Source\portable\MemMang\heap_1.o
 .bss.xNextFreeByte
                0x20001ca0        0x4 FreeRTOS_Source\portable\MemMang\heap_1.o
 .bss.pucAlignedHeap.6221
                0x20001ca4        0x4 FreeRTOS_Source\portable\MemMang\heap_1.o
 .bss.pxCurrentTCB
                0x20001ca8        0x4 FreeRTOS_Source\tasks.o
                0x20001ca8                pxCurrentTCB
 .bss.pxReadyTasksLists
                0x20001cac       0x64 FreeRTOS_Source\tasks.o
 .bss.xDelayedTaskList1
                0x20001d10       0x14 FreeRTOS_Source\tasks.o
 .bss.xDelayedTaskList2
                0x20001d24       0x14 FreeRTOS_Source\tasks.o
 .bss.pxDelayedTaskList
                0x20001d38        0x4 FreeRTOS_Source\tasks.o
 .bss.pxOverflowDelayedTaskList
                0x20001d3c        0x4 FreeRTOS_Source\tasks.o
 .bss.xPendingReadyList
                0x20001d40       0x14 FreeRTOS_Source\tasks.o
 .bss.xTasksWaitingTermination
                0x20001d54       0x14 FreeRTOS_Source\tasks.o
 .bss.uxDeletedTasksWaitingCleanUp
                0x20001d68        0x4 FreeRTOS_Source\tasks.o
 .bss.xSuspendedTaskList
                0x20001d6c       0x14 FreeRTOS_Source\tasks.o
 .bss.uxCurrentNumberOfTasks
                0x20001d80        0x4 FreeRTOS_Source\tasks.o
 .bss.xTickCount
                0x20001d84        0x4 FreeRTOS_Source\tasks.o
 .bss.uxTopReadyPriority
                0x20001d88        0x4 FreeRTOS_Source\tasks.o
 .bss.xSchedulerRunning
                0x20001d8c        0x4 FreeRTOS_Source\tasks.o
 .bss.uxPendedTicks
                0x20001d90        0x4 FreeRTOS_Source\tasks.o
 .bss.xYieldPending
                0x20001d94        0x4 FreeRTOS_Source\tasks.o
 .bss.xNumOfOverflows
                0x20001d98        0x4 FreeRTOS_Source\tasks.o
 .bss.uxTaskNumber
                0x20001d9c        0x4 FreeRTOS_Source\tasks.o
 .bss.xNextTaskUnblockTime
                0x20001da0        0x4 FreeRTOS_Source\tasks.o
 .bss.xIdleTaskHandle
                0x20001da4        0x4 FreeRTOS_Source\tasks.o
 .bss.uxSchedulerSuspended
                0x20001da8        0x4 FreeRTOS_Source\tasks.o
 .bss.xActiveTimerList1
                0x20001dac       0x14 FreeRTOS_Source\timers.o
 .bss.xActiveTimerList2
                0x20001dc0       0x14 FreeRTOS_Source\timers.o
 .bss.pxCurrentTimerList
                0x20001dd4        0x4 FreeRTOS_Source\timers.o
 .bss.pxOverflowTimerList
                0x20001dd8        0x4 FreeRTOS_Source\timers.o
 .bss.xTimerQueue
                0x20001ddc        0x4 FreeRTOS_Source\timers.o
 .bss.xTimerTaskHandle
                0x20001de0        0x4 FreeRTOS_Source\timers.o
 .bss.xLastTime.6512
                0x20001de4        0x4 FreeRTOS_Source\timers.o
 .bss.trafficFlow
                0x20001de8        0x1 src\Traffic_Tasks.o
                0x20001de8                trafficFlow
 *fill*         0x20001de9        0x3 
 .bss.carArr    0x20001dec       0x13 src\Traffic_Tasks.o
                0x20001dec                carArr
 *fill*         0x20001dff        0x1 
 .bss.heap_end.10227
                0x20001e00        0x4 src\syscalls.o
 .bss.__malloc_free_list
                0x20001e04        0x4 c:/program files (x86)/atollic/truestudio for stm32 9.1.0/armtools/bin/../lib/gcc/arm-atollic-eabi/6.3.1/../../../../arm-atollic-eabi/lib/armv7e-m/softfp\libc_nano.a(lib_a-nano-mallocr.o)
                0x20001e04                __malloc_free_list
 .bss.__malloc_sbrk_start
                0x20001e08        0x4 c:/program files (x86)/atollic/truestudio for stm32 9.1.0/armtools/bin/../lib/gcc/arm-atollic-eabi/6.3.1/../../../../arm-atollic-eabi/lib/armv7e-m/softfp\libc_nano.a(lib_a-nano-mallocr.o)
                0x20001e08                __malloc_sbrk_start
 *(COMMON)
 COMMON         0x20001e0c       0x40 FreeRTOS_Source\queue.o
                0x20001e0c                xQueueRegistry
 COMMON         0x20001e4c       0x7c Utilities\STM32F4-Discovery\stm32f4_discovery_audio_codec.o
                0x20001e4c                CurrentPos
                0x20001e50                AUDIO_MAL_DMA_InitStructure
                0x20001e8c                DMA_InitStructure
 COMMON         0x20001ec8       0x10 src\LightTimers.o
                0x20001ec8                xYellowStatusTimer
                0x20001ecc                lightStatus
                0x20001ed0                xGreenStatusTimer
                0x20001ed4                xRedStatusTimer
 COMMON         0x20001ed8        0x8 src\Traffic_Tasks.o
                0x20001ed8                xLightStatusTrasition
                0x20001edc                illumPeriod
 COMMON         0x20001ee0        0xc src\main.o
                0x20001ee0                xLightStatusQueue
                0x20001ee4                xTrafficQueue
                0x20001ee8                xFlowQueue
 COMMON         0x20001eec        0x4 c:/program files (x86)/atollic/truestudio for stm32 9.1.0/armtools/bin/../lib/gcc/arm-atollic-eabi/6.3.1/../../../../arm-atollic-eabi/lib/armv7e-m/softfp\libc_nano.a(lib_a-reent.o)
                0x20001eec                errno
                0x20001ef0                . = ALIGN (0x4)
                0x20001ef0                _ebss = .
                0x20001ef0                __bss_end__ = _ebss

._user_heap_stack
                0x20001ef0      0x400
                0x20001ef0                . = ALIGN (0x4)
                0x20001ef0                PROVIDE (end, .)
                [!provide]                PROVIDE (_end, .)
                0x20001ef0                . = (. + _Min_Heap_Size)
                0x200022f0                . = (. + _Min_Stack_Size)
 *fill*         0x20001ef0      0x400 
                0x200022f0                . = ALIGN (0x4)

.memory_b1_text
 *(.mb1text)
 *(.mb1text*)
 *(.mb1rodata)
 *(.mb1rodata*)

/DISCARD/
 libc.a(*)
 libm.a(*)
 libgcc.a(*)

.ARM.attributes
                0x00000000       0x2e
 *(.ARM.attributes)
 .ARM.attributes
                0x00000000       0x22 c:/program files (x86)/atollic/truestudio for stm32 9.1.0/armtools/bin/../lib/gcc/arm-atollic-eabi/6.3.1/armv7e-m/softfp/crti.o
 .ARM.attributes
                0x00000022       0x32 c:/program files (x86)/atollic/truestudio for stm32 9.1.0/armtools/bin/../lib/gcc/arm-atollic-eabi/6.3.1/armv7e-m/softfp/crtbegin.o
 .ARM.attributes
                0x00000054       0x37 FreeRTOS_Source\event_groups.o
 .ARM.attributes
                0x0000008b       0x37 FreeRTOS_Source\list.o
 .ARM.attributes
                0x000000c2       0x37 FreeRTOS_Source\portable\GCC\ARM_CM4F\port.o
 .ARM.attributes
                0x000000f9       0x37 FreeRTOS_Source\portable\MemMang\heap_1.o
 .ARM.attributes
                0x00000130       0x37 FreeRTOS_Source\queue.o
 .ARM.attributes
                0x00000167       0x37 FreeRTOS_Source\tasks.o
 .ARM.attributes
                0x0000019e       0x37 FreeRTOS_Source\timers.o
 .ARM.attributes
                0x000001d5       0x37 Libraries\STM32F4xx_StdPeriph_Driver\src\stm32f4xx_adc.o
 .ARM.attributes
                0x0000020c       0x37 Libraries\STM32F4xx_StdPeriph_Driver\src\stm32f4xx_dac.o
 .ARM.attributes
                0x00000243       0x37 Libraries\STM32F4xx_StdPeriph_Driver\src\stm32f4xx_dma.o
 .ARM.attributes
                0x0000027a       0x37 Libraries\STM32F4xx_StdPeriph_Driver\src\stm32f4xx_gpio.o
 .ARM.attributes
                0x000002b1       0x37 Libraries\STM32F4xx_StdPeriph_Driver\src\stm32f4xx_rcc.o
 .ARM.attributes
                0x000002e8       0x37 Libraries\STM32F4xx_StdPeriph_Driver\src\stm32f4xx_spi.o
 .ARM.attributes
                0x0000031f       0x37 Utilities\STM32F4-Discovery\stm32f4_discovery_audio_codec.o
 .ARM.attributes
                0x00000356       0x37 src\LightTimers.o
 .ARM.attributes
                0x0000038d       0x37 src\STM32F4-Discovery_callback.o
 .ARM.attributes
                0x000003c4       0x37 src\Traffic_Tasks.o
 .ARM.attributes
                0x000003fb       0x37 src\main.o
 .ARM.attributes
                0x00000432       0x21 src\startup_stm32f4xx.o
 .ARM.attributes
                0x00000453       0x37 src\stm32f4xx_it.o
 .ARM.attributes
                0x0000048a       0x37 src\syscalls.o
 .ARM.attributes
                0x000004c1       0x37 src\system_stm32f4xx.o
 .ARM.attributes
                0x000004f8       0x37 src\tiny_printf.o
 .ARM.attributes
                0x0000052f       0x32 c:/program files (x86)/atollic/truestudio for stm32 9.1.0/armtools/bin/../lib/gcc/arm-atollic-eabi/6.3.1/../../../../arm-atollic-eabi/lib/armv7e-m/softfp\libm.a(lib_a-s_floor.o)
 .ARM.attributes
                0x00000561       0x32 c:/program files (x86)/atollic/truestudio for stm32 9.1.0/armtools/bin/../lib/gcc/arm-atollic-eabi/6.3.1/../../../../arm-atollic-eabi/lib/armv7e-m/softfp\libc_nano.a(lib_a-init.o)
 .ARM.attributes
                0x00000593       0x32 c:/program files (x86)/atollic/truestudio for stm32 9.1.0/armtools/bin/../lib/gcc/arm-atollic-eabi/6.3.1/../../../../arm-atollic-eabi/lib/armv7e-m/softfp\libc_nano.a(lib_a-memcpy-stub.o)
 .ARM.attributes
                0x000005c5       0x32 c:/program files (x86)/atollic/truestudio for stm32 9.1.0/armtools/bin/../lib/gcc/arm-atollic-eabi/6.3.1/../../../../arm-atollic-eabi/lib/armv7e-m/softfp\libc_nano.a(lib_a-memset.o)
 .ARM.attributes
                0x000005f7       0x32 c:/program files (x86)/atollic/truestudio for stm32 9.1.0/armtools/bin/../lib/gcc/arm-atollic-eabi/6.3.1/../../../../arm-atollic-eabi/lib/armv7e-m/softfp\libc_nano.a(lib_a-puts.o)
 .ARM.attributes
                0x00000629       0x32 c:/program files (x86)/atollic/truestudio for stm32 9.1.0/armtools/bin/../lib/gcc/arm-atollic-eabi/6.3.1/../../../../arm-atollic-eabi/lib/armv7e-m/softfp\libc_nano.a(lib_a-rand.o)
 .ARM.attributes
                0x0000065b       0x32 c:/program files (x86)/atollic/truestudio for stm32 9.1.0/armtools/bin/../lib/gcc/arm-atollic-eabi/6.3.1/../../../../arm-atollic-eabi/lib/armv7e-m/softfp\libc_nano.a(lib_a-reent.o)
 .ARM.attributes
                0x0000068d       0x32 c:/program files (x86)/atollic/truestudio for stm32 9.1.0/armtools/bin/../lib/gcc/arm-atollic-eabi/6.3.1/../../../../arm-atollic-eabi/lib/armv7e-m/softfp\libc_nano.a(lib_a-wbuf.o)
 .ARM.attributes
                0x000006bf       0x32 c:/program files (x86)/atollic/truestudio for stm32 9.1.0/armtools/bin/../lib/gcc/arm-atollic-eabi/6.3.1/../../../../arm-atollic-eabi/lib/armv7e-m/softfp\libc_nano.a(lib_a-wsetup.o)
 .ARM.attributes
                0x000006f1       0x32 c:/program files (x86)/atollic/truestudio for stm32 9.1.0/armtools/bin/../lib/gcc/arm-atollic-eabi/6.3.1/../../../../arm-atollic-eabi/lib/armv7e-m/softfp\libc_nano.a(lib_a-fflush.o)
 .ARM.attributes
                0x00000723       0x32 c:/program files (x86)/atollic/truestudio for stm32 9.1.0/armtools/bin/../lib/gcc/arm-atollic-eabi/6.3.1/../../../../arm-atollic-eabi/lib/armv7e-m/softfp\libc_nano.a(lib_a-findfp.o)
 .ARM.attributes
                0x00000755       0x32 c:/program files (x86)/atollic/truestudio for stm32 9.1.0/armtools/bin/../lib/gcc/arm-atollic-eabi/6.3.1/../../../../arm-atollic-eabi/lib/armv7e-m/softfp\libc_nano.a(lib_a-fwalk.o)
 .ARM.attributes
                0x00000787       0x32 c:/program files (x86)/atollic/truestudio for stm32 9.1.0/armtools/bin/../lib/gcc/arm-atollic-eabi/6.3.1/../../../../arm-atollic-eabi/lib/armv7e-m/softfp\libc_nano.a(lib_a-impure.o)
 .ARM.attributes
                0x000007b9       0x32 c:/program files (x86)/atollic/truestudio for stm32 9.1.0/armtools/bin/../lib/gcc/arm-atollic-eabi/6.3.1/../../../../arm-atollic-eabi/lib/armv7e-m/softfp\libc_nano.a(lib_a-makebuf.o)
 .ARM.attributes
                0x000007eb       0x32 c:/program files (x86)/atollic/truestudio for stm32 9.1.0/armtools/bin/../lib/gcc/arm-atollic-eabi/6.3.1/../../../../arm-atollic-eabi/lib/armv7e-m/softfp\libc_nano.a(lib_a-malloc.o)
 .ARM.attributes
                0x0000081d       0x32 c:/program files (x86)/atollic/truestudio for stm32 9.1.0/armtools/bin/../lib/gcc/arm-atollic-eabi/6.3.1/../../../../arm-atollic-eabi/lib/armv7e-m/softfp\libc_nano.a(lib_a-nano-freer.o)
 .ARM.attributes
                0x0000084f       0x32 c:/program files (x86)/atollic/truestudio for stm32 9.1.0/armtools/bin/../lib/gcc/arm-atollic-eabi/6.3.1/../../../../arm-atollic-eabi/lib/armv7e-m/softfp\libc_nano.a(lib_a-nano-mallocr.o)
 .ARM.attributes
                0x00000881       0x32 c:/program files (x86)/atollic/truestudio for stm32 9.1.0/armtools/bin/../lib/gcc/arm-atollic-eabi/6.3.1/../../../../arm-atollic-eabi/lib/armv7e-m/softfp\libc_nano.a(lib_a-sbrkr.o)
 .ARM.attributes
                0x000008b3       0x32 c:/program files (x86)/atollic/truestudio for stm32 9.1.0/armtools/bin/../lib/gcc/arm-atollic-eabi/6.3.1/../../../../arm-atollic-eabi/lib/armv7e-m/softfp\libc_nano.a(lib_a-stdio.o)
 .ARM.attributes
                0x000008e5       0x32 c:/program files (x86)/atollic/truestudio for stm32 9.1.0/armtools/bin/../lib/gcc/arm-atollic-eabi/6.3.1/../../../../arm-atollic-eabi/lib/armv7e-m/softfp\libc_nano.a(lib_a-writer.o)
 .ARM.attributes
                0x00000917       0x32 c:/program files (x86)/atollic/truestudio for stm32 9.1.0/armtools/bin/../lib/gcc/arm-atollic-eabi/6.3.1/../../../../arm-atollic-eabi/lib/armv7e-m/softfp\libc_nano.a(lib_a-closer.o)
 .ARM.attributes
                0x00000949       0x32 c:/program files (x86)/atollic/truestudio for stm32 9.1.0/armtools/bin/../lib/gcc/arm-atollic-eabi/6.3.1/../../../../arm-atollic-eabi/lib/armv7e-m/softfp\libc_nano.a(lib_a-fstatr.o)
 .ARM.attributes
                0x0000097b       0x32 c:/program files (x86)/atollic/truestudio for stm32 9.1.0/armtools/bin/../lib/gcc/arm-atollic-eabi/6.3.1/../../../../arm-atollic-eabi/lib/armv7e-m/softfp\libc_nano.a(lib_a-isattyr.o)
 .ARM.attributes
                0x000009ad       0x32 c:/program files (x86)/atollic/truestudio for stm32 9.1.0/armtools/bin/../lib/gcc/arm-atollic-eabi/6.3.1/../../../../arm-atollic-eabi/lib/armv7e-m/softfp\libc_nano.a(lib_a-lseekr.o)
 .ARM.attributes
                0x000009df       0x32 c:/program files (x86)/atollic/truestudio for stm32 9.1.0/armtools/bin/../lib/gcc/arm-atollic-eabi/6.3.1/../../../../arm-atollic-eabi/lib/armv7e-m/softfp\libc_nano.a(lib_a-mlock.o)
 .ARM.attributes
                0x00000a11       0x32 c:/program files (x86)/atollic/truestudio for stm32 9.1.0/armtools/bin/../lib/gcc/arm-atollic-eabi/6.3.1/../../../../arm-atollic-eabi/lib/armv7e-m/softfp\libc_nano.a(lib_a-readr.o)
 .ARM.attributes
                0x00000a43       0x22 c:/program files (x86)/atollic/truestudio for stm32 9.1.0/armtools/bin/../lib/gcc/arm-atollic-eabi/6.3.1/armv7e-m/softfp\libgcc.a(_arm_addsubdf3.o)
 .ARM.attributes
                0x00000a65       0x22 c:/program files (x86)/atollic/truestudio for stm32 9.1.0/armtools/bin/../lib/gcc/arm-atollic-eabi/6.3.1/armv7e-m/softfp\libgcc.a(_arm_cmpdf2.o)
 .ARM.attributes
                0x00000a87       0x22 c:/program files (x86)/atollic/truestudio for stm32 9.1.0/armtools/bin/../lib/gcc/arm-atollic-eabi/6.3.1/armv7e-m/softfp\libgcc.a(_arm_fixunsdfsi.o)
 .ARM.attributes
                0x00000aa9       0x22 c:/program files (x86)/atollic/truestudio for stm32 9.1.0/armtools/bin/../lib/gcc/arm-atollic-eabi/6.3.1/armv7e-m/softfp/crtn.o
OUTPUT(STM32F4_Discovery_FreeRTOS_Simple_Demo.elf elf32-littlearm)

.debug_info     0x00000000    0x11313
 .debug_info    0x00000000     0x1094 FreeRTOS_Source\event_groups.o
 .debug_info    0x00001094      0xac3 FreeRTOS_Source\list.o
 .debug_info    0x00001b57      0x50b FreeRTOS_Source\portable\GCC\ARM_CM4F\port.o
 .debug_info    0x00002062      0x9e9 FreeRTOS_Source\portable\MemMang\heap_1.o
 .debug_info    0x00002a4b     0x1b75 FreeRTOS_Source\queue.o
 .debug_info    0x000045c0     0x2255 FreeRTOS_Source\tasks.o
 .debug_info    0x00006815     0x136a FreeRTOS_Source\timers.o
 .debug_info    0x00007b7f      0xc4f Libraries\STM32F4xx_StdPeriph_Driver\src\stm32f4xx_adc.o
 .debug_info    0x000087ce      0x654 Libraries\STM32F4xx_StdPeriph_Driver\src\stm32f4xx_dac.o
 .debug_info    0x00008e22      0x74c Libraries\STM32F4xx_StdPeriph_Driver\src\stm32f4xx_dma.o
 .debug_info    0x0000956e      0x628 Libraries\STM32F4xx_StdPeriph_Driver\src\stm32f4xx_gpio.o
 .debug_info    0x00009b96      0xc72 Libraries\STM32F4xx_StdPeriph_Driver\src\stm32f4xx_rcc.o
 .debug_info    0x0000a808      0xb1a Libraries\STM32F4xx_StdPeriph_Driver\src\stm32f4xx_spi.o
 .debug_info    0x0000b322     0x108b Utilities\STM32F4-Discovery\stm32f4_discovery_audio_codec.o
 .debug_info    0x0000c3ad      0xad6 src\LightTimers.o
 .debug_info    0x0000ce83      0x12d src\STM32F4-Discovery_callback.o
 .debug_info    0x0000cfb0      0xdd8 src\Traffic_Tasks.o
 .debug_info    0x0000dd88     0x10d6 src\main.o
 .debug_info    0x0000ee5e       0x8d src\startup_stm32f4xx.o
 .debug_info    0x0000eeeb      0x121 src\stm32f4xx_it.o
 .debug_info    0x0000f00c     0x11e2 src\syscalls.o
 .debug_info    0x000101ee      0x5d0 src\system_stm32f4xx.o
 .debug_info    0x000107be      0xb55 src\tiny_printf.o

.debug_abbrev   0x00000000     0x2bda
 .debug_abbrev  0x00000000      0x2d0 FreeRTOS_Source\event_groups.o
 .debug_abbrev  0x000002d0      0x1c5 FreeRTOS_Source\list.o
 .debug_abbrev  0x00000495      0x1d5 FreeRTOS_Source\portable\GCC\ARM_CM4F\port.o
 .debug_abbrev  0x0000066a      0x245 FreeRTOS_Source\portable\MemMang\heap_1.o
 .debug_abbrev  0x000008af      0x2d4 FreeRTOS_Source\queue.o
 .debug_abbrev  0x00000b83      0x362 FreeRTOS_Source\tasks.o
 .debug_abbrev  0x00000ee5      0x288 FreeRTOS_Source\timers.o
 .debug_abbrev  0x0000116d      0x1ab Libraries\STM32F4xx_StdPeriph_Driver\src\stm32f4xx_adc.o
 .debug_abbrev  0x00001318      0x191 Libraries\STM32F4xx_StdPeriph_Driver\src\stm32f4xx_dac.o
 .debug_abbrev  0x000014a9      0x168 Libraries\STM32F4xx_StdPeriph_Driver\src\stm32f4xx_dma.o
 .debug_abbrev  0x00001611      0x1b8 Libraries\STM32F4xx_StdPeriph_Driver\src\stm32f4xx_gpio.o
 .debug_abbrev  0x000017c9      0x1f8 Libraries\STM32F4xx_StdPeriph_Driver\src\stm32f4xx_rcc.o
 .debug_abbrev  0x000019c1      0x17a Libraries\STM32F4xx_StdPeriph_Driver\src\stm32f4xx_spi.o
 .debug_abbrev  0x00001b3b      0x276 Utilities\STM32F4-Discovery\stm32f4_discovery_audio_codec.o
 .debug_abbrev  0x00001db1      0x1b5 src\LightTimers.o
 .debug_abbrev  0x00001f66       0xa3 src\STM32F4-Discovery_callback.o
 .debug_abbrev  0x00002009      0x261 src\Traffic_Tasks.o
 .debug_abbrev  0x0000226a      0x2a1 src\main.o
 .debug_abbrev  0x0000250b       0x12 src\startup_stm32f4xx.o
 .debug_abbrev  0x0000251d       0x78 src\stm32f4xx_it.o
 .debug_abbrev  0x00002595      0x2d9 src\syscalls.o
 .debug_abbrev  0x0000286e      0x158 src\system_stm32f4xx.o
 .debug_abbrev  0x000029c6      0x214 src\tiny_printf.o

.debug_aranges  0x00000000      0xe20
 .debug_aranges
                0x00000000       0x68 FreeRTOS_Source\event_groups.o
 .debug_aranges
                0x00000068       0x40 FreeRTOS_Source\list.o
 .debug_aranges
                0x000000a8       0x80 FreeRTOS_Source\portable\GCC\ARM_CM4F\port.o
 .debug_aranges
                0x00000128       0x38 FreeRTOS_Source\portable\MemMang\heap_1.o
 .debug_aranges
                0x00000160      0x100 FreeRTOS_Source\queue.o
 .debug_aranges
                0x00000260      0x1a0 FreeRTOS_Source\tasks.o
 .debug_aranges
                0x00000400       0xb8 FreeRTOS_Source\timers.o
 .debug_aranges
                0x000004b8      0x148 Libraries\STM32F4xx_StdPeriph_Driver\src\stm32f4xx_adc.o
 .debug_aranges
                0x00000600       0xa0 Libraries\STM32F4xx_StdPeriph_Driver\src\stm32f4xx_dac.o
 .debug_aranges
                0x000006a0       0xb0 Libraries\STM32F4xx_StdPeriph_Driver\src\stm32f4xx_dma.o
 .debug_aranges
                0x00000750       0x88 Libraries\STM32F4xx_StdPeriph_Driver\src\stm32f4xx_gpio.o
 .debug_aranges
                0x000007d8      0x178 Libraries\STM32F4xx_StdPeriph_Driver\src\stm32f4xx_rcc.o
 .debug_aranges
                0x00000950       0xe0 Libraries\STM32F4xx_StdPeriph_Driver\src\stm32f4xx_spi.o
 .debug_aranges
                0x00000a30      0x130 Utilities\STM32F4-Discovery\stm32f4_discovery_audio_codec.o
 .debug_aranges
                0x00000b60       0x30 src\LightTimers.o
 .debug_aranges
                0x00000b90       0x30 src\STM32F4-Discovery_callback.o
 .debug_aranges
                0x00000bc0       0x38 src\Traffic_Tasks.o
 .debug_aranges
                0x00000bf8       0x70 src\main.o
 .debug_aranges
                0x00000c68       0x28 src\startup_stm32f4xx.o
 .debug_aranges
                0x00000c90       0x48 src\stm32f4xx_it.o
 .debug_aranges
                0x00000cd8       0xd0 src\syscalls.o
 .debug_aranges
                0x00000da8       0x30 src\system_stm32f4xx.o
 .debug_aranges
                0x00000dd8       0x48 src\tiny_printf.o

.debug_ranges   0x00000000      0xcb8
 .debug_ranges  0x00000000       0x58 FreeRTOS_Source\event_groups.o
 .debug_ranges  0x00000058       0x30 FreeRTOS_Source\list.o
 .debug_ranges  0x00000088       0x70 FreeRTOS_Source\portable\GCC\ARM_CM4F\port.o
 .debug_ranges  0x000000f8       0x28 FreeRTOS_Source\portable\MemMang\heap_1.o
 .debug_ranges  0x00000120       0xf0 FreeRTOS_Source\queue.o
 .debug_ranges  0x00000210      0x190 FreeRTOS_Source\tasks.o
 .debug_ranges  0x000003a0       0xa8 FreeRTOS_Source\timers.o
 .debug_ranges  0x00000448      0x138 Libraries\STM32F4xx_StdPeriph_Driver\src\stm32f4xx_adc.o
 .debug_ranges  0x00000580       0x90 Libraries\STM32F4xx_StdPeriph_Driver\src\stm32f4xx_dac.o
 .debug_ranges  0x00000610       0xa0 Libraries\STM32F4xx_StdPeriph_Driver\src\stm32f4xx_dma.o
 .debug_ranges  0x000006b0       0x78 Libraries\STM32F4xx_StdPeriph_Driver\src\stm32f4xx_gpio.o
 .debug_ranges  0x00000728      0x168 Libraries\STM32F4xx_StdPeriph_Driver\src\stm32f4xx_rcc.o
 .debug_ranges  0x00000890       0xd0 Libraries\STM32F4xx_StdPeriph_Driver\src\stm32f4xx_spi.o
 .debug_ranges  0x00000960      0x120 Utilities\STM32F4-Discovery\stm32f4_discovery_audio_codec.o
 .debug_ranges  0x00000a80       0x20 src\LightTimers.o
 .debug_ranges  0x00000aa0       0x20 src\STM32F4-Discovery_callback.o
 .debug_ranges  0x00000ac0       0x28 src\Traffic_Tasks.o
 .debug_ranges  0x00000ae8       0x60 src\main.o
 .debug_ranges  0x00000b48       0x20 src\startup_stm32f4xx.o
 .debug_ranges  0x00000b68       0x38 src\stm32f4xx_it.o
 .debug_ranges  0x00000ba0       0xc0 src\syscalls.o
 .debug_ranges  0x00000c60       0x20 src\system_stm32f4xx.o
 .debug_ranges  0x00000c80       0x38 src\tiny_printf.o

.debug_line     0x00000000     0x6877
 .debug_line    0x00000000      0x526 FreeRTOS_Source\event_groups.o
 .debug_line    0x00000526      0x31c FreeRTOS_Source\list.o
 .debug_line    0x00000842      0x388 FreeRTOS_Source\portable\GCC\ARM_CM4F\port.o
 .debug_line    0x00000bca      0x2f6 FreeRTOS_Source\portable\MemMang\heap_1.o
 .debug_line    0x00000ec0      0xa5b FreeRTOS_Source\queue.o
 .debug_line    0x0000191b      0xd9f FreeRTOS_Source\tasks.o
 .debug_line    0x000026ba      0x60e FreeRTOS_Source\timers.o
 .debug_line    0x00002cc8      0x572 Libraries\STM32F4xx_StdPeriph_Driver\src\stm32f4xx_adc.o
 .debug_line    0x0000323a      0x367 Libraries\STM32F4xx_StdPeriph_Driver\src\stm32f4xx_dac.o
 .debug_line    0x000035a1      0x43f Libraries\STM32F4xx_StdPeriph_Driver\src\stm32f4xx_dma.o
 .debug_line    0x000039e0      0x375 Libraries\STM32F4xx_StdPeriph_Driver\src\stm32f4xx_gpio.o
 .debug_line    0x00003d55      0x5ba Libraries\STM32F4xx_StdPeriph_Driver\src\stm32f4xx_rcc.o
 .debug_line    0x0000430f      0x46e Libraries\STM32F4xx_StdPeriph_Driver\src\stm32f4xx_spi.o
 .debug_line    0x0000477d      0x70f Utilities\STM32F4-Discovery\stm32f4_discovery_audio_codec.o
 .debug_line    0x00004e8c      0x374 src\LightTimers.o
 .debug_line    0x00005200      0x1c4 src\STM32F4-Discovery_callback.o
 .debug_line    0x000053c4      0x43b src\Traffic_Tasks.o
 .debug_line    0x000057ff      0x4b5 src\main.o
 .debug_line    0x00005cb4       0x77 src\startup_stm32f4xx.o
 .debug_line    0x00005d2b      0x1f4 src\stm32f4xx_it.o
 .debug_line    0x00005f1f      0x4c6 src\syscalls.o
 .debug_line    0x000063e5      0x219 src\system_stm32f4xx.o
 .debug_line    0x000065fe      0x279 src\tiny_printf.o

.debug_str      0x00000000     0x4c0f
 .debug_str     0x00000000      0x90b FreeRTOS_Source\event_groups.o
                                0x9dc (size before relaxing)
 .debug_str     0x0000090b       0xa7 FreeRTOS_Source\list.o
                                0x758 (size before relaxing)
 .debug_str     0x000009b2      0x22f FreeRTOS_Source\portable\GCC\ARM_CM4F\port.o
                                0x470 (size before relaxing)
 .debug_str     0x00000be1       0xc5 FreeRTOS_Source\portable\MemMang\heap_1.o
                                0x6fc (size before relaxing)
 .debug_str     0x00000ca6      0x510 FreeRTOS_Source\queue.o
                                0xc9e (size before relaxing)
 .debug_str     0x000011b6      0x9ca FreeRTOS_Source\tasks.o
                               0x120c (size before relaxing)
 .debug_str     0x00001b80      0x41c FreeRTOS_Source\timers.o
                                0xb96 (size before relaxing)
 .debug_str     0x00001f9c      0x674 Libraries\STM32F4xx_StdPeriph_Driver\src\stm32f4xx_adc.o
                                0x8a2 (size before relaxing)
 .debug_str     0x00002610      0x271 Libraries\STM32F4xx_StdPeriph_Driver\src\stm32f4xx_dac.o
                                0x4f1 (size before relaxing)
 .debug_str     0x00002881      0x377 Libraries\STM32F4xx_StdPeriph_Driver\src\stm32f4xx_dma.o
                                0x5e0 (size before relaxing)
 .debug_str     0x00002bf8      0x305 Libraries\STM32F4xx_StdPeriph_Driver\src\stm32f4xx_gpio.o
                                0x541 (size before relaxing)
 .debug_str     0x00002efd      0x66e Libraries\STM32F4xx_StdPeriph_Driver\src\stm32f4xx_rcc.o
                                0x8ee (size before relaxing)
 .debug_str     0x0000356b      0x3a6 Libraries\STM32F4xx_StdPeriph_Driver\src\stm32f4xx_spi.o
                                0x728 (size before relaxing)
 .debug_str     0x00003911      0xa88 Utilities\STM32F4-Discovery\stm32f4_discovery_audio_codec.o
                               0x1102 (size before relaxing)
 .debug_str     0x00004399      0x120 src\LightTimers.o
                                0x7d7 (size before relaxing)
 .debug_str     0x000044b9       0x84 src\STM32F4-Discovery_callback.o
                                0x28c (size before relaxing)
 .debug_str     0x0000453d       0xf3 src\Traffic_Tasks.o
                                0x902 (size before relaxing)
 .debug_str     0x00004630      0x1a9 src\main.o
                                0xbe7 (size before relaxing)
 .debug_str     0x000047d9       0x7b src\stm32f4xx_it.o
                                0x262 (size before relaxing)
 .debug_str     0x00004854      0x2b7 src\syscalls.o
                                0x9a4 (size before relaxing)
 .debug_str     0x00004b0b       0x88 src\system_stm32f4xx.o
                                0x419 (size before relaxing)
 .debug_str     0x00004b93       0x7c src\tiny_printf.o
                                0x66d (size before relaxing)

.comment        0x00000000       0x7c
 .comment       0x00000000       0x7c FreeRTOS_Source\event_groups.o
                                 0x7d (size before relaxing)
 .comment       0x0000007c       0x7d FreeRTOS_Source\list.o
 .comment       0x0000007c       0x7d FreeRTOS_Source\portable\GCC\ARM_CM4F\port.o
 .comment       0x0000007c       0x7d FreeRTOS_Source\portable\MemMang\heap_1.o
 .comment       0x0000007c       0x7d FreeRTOS_Source\queue.o
 .comment       0x0000007c       0x7d FreeRTOS_Source\tasks.o
 .comment       0x0000007c       0x7d FreeRTOS_Source\timers.o
 .comment       0x0000007c       0x7d Libraries\STM32F4xx_StdPeriph_Driver\src\stm32f4xx_adc.o
 .comment       0x0000007c       0x7d Libraries\STM32F4xx_StdPeriph_Driver\src\stm32f4xx_dac.o
 .comment       0x0000007c       0x7d Libraries\STM32F4xx_StdPeriph_Driver\src\stm32f4xx_dma.o
 .comment       0x0000007c       0x7d Libraries\STM32F4xx_StdPeriph_Driver\src\stm32f4xx_gpio.o
 .comment       0x0000007c       0x7d Libraries\STM32F4xx_StdPeriph_Driver\src\stm32f4xx_rcc.o
 .comment       0x0000007c       0x7d Libraries\STM32F4xx_StdPeriph_Driver\src\stm32f4xx_spi.o
 .comment       0x0000007c       0x7d Utilities\STM32F4-Discovery\stm32f4_discovery_audio_codec.o
 .comment       0x0000007c       0x7d src\LightTimers.o
 .comment       0x0000007c       0x7d src\STM32F4-Discovery_callback.o
 .comment       0x0000007c       0x7d src\Traffic_Tasks.o
 .comment       0x0000007c       0x7d src\main.o
 .comment       0x0000007c       0x7d src\stm32f4xx_it.o
 .comment       0x0000007c       0x7d src\syscalls.o
 .comment       0x0000007c       0x7d src\system_stm32f4xx.o
 .comment       0x0000007c       0x7d src\tiny_printf.o

.debug_frame    0x00000000     0x4130
 .debug_frame   0x00000000      0x180 FreeRTOS_Source\event_groups.o
 .debug_frame   0x00000180       0xd8 FreeRTOS_Source\list.o
 .debug_frame   0x00000258      0x19c FreeRTOS_Source\portable\GCC\ARM_CM4F\port.o
 .debug_frame   0x000003f4       0x9c FreeRTOS_Source\portable\MemMang\heap_1.o
 .debug_frame   0x00000490      0x448 FreeRTOS_Source\queue.o
 .debug_frame   0x000008d8      0x700 FreeRTOS_Source\tasks.o
 .debug_frame   0x00000fd8      0x2f0 FreeRTOS_Source\timers.o
 .debug_frame   0x000012c8      0x5ec Libraries\STM32F4xx_StdPeriph_Driver\src\stm32f4xx_adc.o
 .debug_frame   0x000018b4      0x2ac Libraries\STM32F4xx_StdPeriph_Driver\src\stm32f4xx_dac.o
 .debug_frame   0x00001b60      0x308 Libraries\STM32F4xx_StdPeriph_Driver\src\stm32f4xx_dma.o
 .debug_frame   0x00001e68      0x23c Libraries\STM32F4xx_StdPeriph_Driver\src\stm32f4xx_gpio.o
 .debug_frame   0x000020a4      0x6d4 Libraries\STM32F4xx_StdPeriph_Driver\src\stm32f4xx_rcc.o
 .debug_frame   0x00002778      0x3f4 Libraries\STM32F4xx_StdPeriph_Driver\src\stm32f4xx_spi.o
 .debug_frame   0x00002b6c      0x4bc Utilities\STM32F4-Discovery\stm32f4_discovery_audio_codec.o
 .debug_frame   0x00003028       0x64 src\LightTimers.o
 .debug_frame   0x0000308c       0x70 src\STM32F4-Discovery_callback.o
 .debug_frame   0x000030fc       0x90 src\Traffic_Tasks.o
 .debug_frame   0x0000318c      0x178 src\main.o
 .debug_frame   0x00003304       0xb0 src\stm32f4xx_it.o
 .debug_frame   0x000033b4      0x380 src\syscalls.o
 .debug_frame   0x00003734       0x7c src\system_stm32f4xx.o
 .debug_frame   0x000037b0      0x150 src\tiny_printf.o
 .debug_frame   0x00003900       0x30 c:/program files (x86)/atollic/truestudio for stm32 9.1.0/armtools/bin/../lib/gcc/arm-atollic-eabi/6.3.1/../../../../arm-atollic-eabi/lib/armv7e-m/softfp\libm.a(lib_a-s_floor.o)
 .debug_frame   0x00003930       0x2c c:/program files (x86)/atollic/truestudio for stm32 9.1.0/armtools/bin/../lib/gcc/arm-atollic-eabi/6.3.1/../../../../arm-atollic-eabi/lib/armv7e-m/softfp\libc_nano.a(lib_a-init.o)
 .debug_frame   0x0000395c       0x28 c:/program files (x86)/atollic/truestudio for stm32 9.1.0/armtools/bin/../lib/gcc/arm-atollic-eabi/6.3.1/../../../../arm-atollic-eabi/lib/armv7e-m/softfp\libc_nano.a(lib_a-memcpy-stub.o)
 .debug_frame   0x00003984       0x20 c:/program files (x86)/atollic/truestudio for stm32 9.1.0/armtools/bin/../lib/gcc/arm-atollic-eabi/6.3.1/../../../../arm-atollic-eabi/lib/armv7e-m/softfp\libc_nano.a(lib_a-memset.o)
 .debug_frame   0x000039a4       0x3c c:/program files (x86)/atollic/truestudio for stm32 9.1.0/armtools/bin/../lib/gcc/arm-atollic-eabi/6.3.1/../../../../arm-atollic-eabi/lib/armv7e-m/softfp\libc_nano.a(lib_a-puts.o)
 .debug_frame   0x000039e0       0x44 c:/program files (x86)/atollic/truestudio for stm32 9.1.0/armtools/bin/../lib/gcc/arm-atollic-eabi/6.3.1/../../../../arm-atollic-eabi/lib/armv7e-m/softfp\libc_nano.a(lib_a-rand.o)
 .debug_frame   0x00003a24       0x5c c:/program files (x86)/atollic/truestudio for stm32 9.1.0/armtools/bin/../lib/gcc/arm-atollic-eabi/6.3.1/../../../../arm-atollic-eabi/lib/armv7e-m/softfp\libc_nano.a(lib_a-reent.o)
 .debug_frame   0x00003a80       0x40 c:/program files (x86)/atollic/truestudio for stm32 9.1.0/armtools/bin/../lib/gcc/arm-atollic-eabi/6.3.1/../../../../arm-atollic-eabi/lib/armv7e-m/softfp\libc_nano.a(lib_a-wbuf.o)
 .debug_frame   0x00003ac0       0x2c c:/program files (x86)/atollic/truestudio for stm32 9.1.0/armtools/bin/../lib/gcc/arm-atollic-eabi/6.3.1/../../../../arm-atollic-eabi/lib/armv7e-m/softfp\libc_nano.a(lib_a-wsetup.o)
 .debug_frame   0x00003aec       0x68 c:/program files (x86)/atollic/truestudio for stm32 9.1.0/armtools/bin/../lib/gcc/arm-atollic-eabi/6.3.1/../../../../arm-atollic-eabi/lib/armv7e-m/softfp\libc_nano.a(lib_a-fflush.o)
 .debug_frame   0x00003b54      0x11c c:/program files (x86)/atollic/truestudio for stm32 9.1.0/armtools/bin/../lib/gcc/arm-atollic-eabi/6.3.1/../../../../arm-atollic-eabi/lib/armv7e-m/softfp\libc_nano.a(lib_a-findfp.o)
 .debug_frame   0x00003c70       0x54 c:/program files (x86)/atollic/truestudio for stm32 9.1.0/armtools/bin/../lib/gcc/arm-atollic-eabi/6.3.1/../../../../arm-atollic-eabi/lib/armv7e-m/softfp\libc_nano.a(lib_a-fwalk.o)
 .debug_frame   0x00003cc4       0x58 c:/program files (x86)/atollic/truestudio for stm32 9.1.0/armtools/bin/../lib/gcc/arm-atollic-eabi/6.3.1/../../../../arm-atollic-eabi/lib/armv7e-m/softfp\libc_nano.a(lib_a-makebuf.o)
 .debug_frame   0x00003d1c       0x30 c:/program files (x86)/atollic/truestudio for stm32 9.1.0/armtools/bin/../lib/gcc/arm-atollic-eabi/6.3.1/../../../../arm-atollic-eabi/lib/armv7e-m/softfp\libc_nano.a(lib_a-malloc.o)
 .debug_frame   0x00003d4c       0x38 c:/program files (x86)/atollic/truestudio for stm32 9.1.0/armtools/bin/../lib/gcc/arm-atollic-eabi/6.3.1/../../../../arm-atollic-eabi/lib/armv7e-m/softfp\libc_nano.a(lib_a-nano-freer.o)
 .debug_frame   0x00003d84       0x2c c:/program files (x86)/atollic/truestudio for stm32 9.1.0/armtools/bin/../lib/gcc/arm-atollic-eabi/6.3.1/../../../../arm-atollic-eabi/lib/armv7e-m/softfp\libc_nano.a(lib_a-nano-mallocr.o)
 .debug_frame   0x00003db0       0x2c c:/program files (x86)/atollic/truestudio for stm32 9.1.0/armtools/bin/../lib/gcc/arm-atollic-eabi/6.3.1/../../../../arm-atollic-eabi/lib/armv7e-m/softfp\libc_nano.a(lib_a-sbrkr.o)
 .debug_frame   0x00003ddc       0x88 c:/program files (x86)/atollic/truestudio for stm32 9.1.0/armtools/bin/../lib/gcc/arm-atollic-eabi/6.3.1/../../../../arm-atollic-eabi/lib/armv7e-m/softfp\libc_nano.a(lib_a-stdio.o)
 .debug_frame   0x00003e64       0x2c c:/program files (x86)/atollic/truestudio for stm32 9.1.0/armtools/bin/../lib/gcc/arm-atollic-eabi/6.3.1/../../../../arm-atollic-eabi/lib/armv7e-m/softfp\libc_nano.a(lib_a-writer.o)
 .debug_frame   0x00003e90       0x2c c:/program files (x86)/atollic/truestudio for stm32 9.1.0/armtools/bin/../lib/gcc/arm-atollic-eabi/6.3.1/../../../../arm-atollic-eabi/lib/armv7e-m/softfp\libc_nano.a(lib_a-closer.o)
 .debug_frame   0x00003ebc       0x2c c:/program files (x86)/atollic/truestudio for stm32 9.1.0/armtools/bin/../lib/gcc/arm-atollic-eabi/6.3.1/../../../../arm-atollic-eabi/lib/armv7e-m/softfp\libc_nano.a(lib_a-fstatr.o)
 .debug_frame   0x00003ee8       0x2c c:/program files (x86)/atollic/truestudio for stm32 9.1.0/armtools/bin/../lib/gcc/arm-atollic-eabi/6.3.1/../../../../arm-atollic-eabi/lib/armv7e-m/softfp\libc_nano.a(lib_a-isattyr.o)
 .debug_frame   0x00003f14       0x2c c:/program files (x86)/atollic/truestudio for stm32 9.1.0/armtools/bin/../lib/gcc/arm-atollic-eabi/6.3.1/../../../../arm-atollic-eabi/lib/armv7e-m/softfp\libc_nano.a(lib_a-lseekr.o)
 .debug_frame   0x00003f40       0x30 c:/program files (x86)/atollic/truestudio for stm32 9.1.0/armtools/bin/../lib/gcc/arm-atollic-eabi/6.3.1/../../../../arm-atollic-eabi/lib/armv7e-m/softfp\libc_nano.a(lib_a-mlock.o)
 .debug_frame   0x00003f70       0x2c c:/program files (x86)/atollic/truestudio for stm32 9.1.0/armtools/bin/../lib/gcc/arm-atollic-eabi/6.3.1/../../../../arm-atollic-eabi/lib/armv7e-m/softfp\libc_nano.a(lib_a-readr.o)
 .debug_frame   0x00003f9c       0xac c:/program files (x86)/atollic/truestudio for stm32 9.1.0/armtools/bin/../lib/gcc/arm-atollic-eabi/6.3.1/armv7e-m/softfp\libgcc.a(_arm_addsubdf3.o)
 .debug_frame   0x00004048       0xc4 c:/program files (x86)/atollic/truestudio for stm32 9.1.0/armtools/bin/../lib/gcc/arm-atollic-eabi/6.3.1/armv7e-m/softfp\libgcc.a(_arm_cmpdf2.o)
 .debug_frame   0x0000410c       0x24 c:/program files (x86)/atollic/truestudio for stm32 9.1.0/armtools/bin/../lib/gcc/arm-atollic-eabi/6.3.1/armv7e-m/softfp\libgcc.a(_arm_fixunsdfsi.o)

Cross Reference Table

Symbol                                            File
ADC_AnalogWatchdogCmd                             Libraries\STM32F4xx_StdPeriph_Driver\src\stm32f4xx_adc.o
ADC_AnalogWatchdogSingleChannelConfig             Libraries\STM32F4xx_StdPeriph_Driver\src\stm32f4xx_adc.o
ADC_AnalogWatchdogThresholdsConfig                Libraries\STM32F4xx_StdPeriph_Driver\src\stm32f4xx_adc.o
ADC_AutoInjectedConvCmd                           Libraries\STM32F4xx_StdPeriph_Driver\src\stm32f4xx_adc.o
ADC_ClearFlag                                     Libraries\STM32F4xx_StdPeriph_Driver\src\stm32f4xx_adc.o
ADC_ClearITPendingBit                             Libraries\STM32F4xx_StdPeriph_Driver\src\stm32f4xx_adc.o
ADC_Cmd                                           Libraries\STM32F4xx_StdPeriph_Driver\src\stm32f4xx_adc.o
                                                  src\main.o
ADC_CommonInit                                    Libraries\STM32F4xx_StdPeriph_Driver\src\stm32f4xx_adc.o
ADC_CommonStructInit                              Libraries\STM32F4xx_StdPeriph_Driver\src\stm32f4xx_adc.o
ADC_ContinuousModeCmd                             Libraries\STM32F4xx_StdPeriph_Driver\src\stm32f4xx_adc.o
ADC_DMACmd                                        Libraries\STM32F4xx_StdPeriph_Driver\src\stm32f4xx_adc.o
ADC_DMARequestAfterLastTransferCmd                Libraries\STM32F4xx_StdPeriph_Driver\src\stm32f4xx_adc.o
ADC_DeInit                                        Libraries\STM32F4xx_StdPeriph_Driver\src\stm32f4xx_adc.o
ADC_DiscModeChannelCountConfig                    Libraries\STM32F4xx_StdPeriph_Driver\src\stm32f4xx_adc.o
ADC_DiscModeCmd                                   Libraries\STM32F4xx_StdPeriph_Driver\src\stm32f4xx_adc.o
ADC_EOCOnEachRegularChannelCmd                    Libraries\STM32F4xx_StdPeriph_Driver\src\stm32f4xx_adc.o
ADC_ExternalTrigInjectedConvConfig                Libraries\STM32F4xx_StdPeriph_Driver\src\stm32f4xx_adc.o
ADC_ExternalTrigInjectedConvEdgeConfig            Libraries\STM32F4xx_StdPeriph_Driver\src\stm32f4xx_adc.o
ADC_GetConversionValue                            Libraries\STM32F4xx_StdPeriph_Driver\src\stm32f4xx_adc.o
                                                  src\Traffic_Tasks.o
ADC_GetFlagStatus                                 Libraries\STM32F4xx_StdPeriph_Driver\src\stm32f4xx_adc.o
                                                  src\Traffic_Tasks.o
ADC_GetITStatus                                   Libraries\STM32F4xx_StdPeriph_Driver\src\stm32f4xx_adc.o
ADC_GetInjectedConversionValue                    Libraries\STM32F4xx_StdPeriph_Driver\src\stm32f4xx_adc.o
ADC_GetMultiModeConversionValue                   Libraries\STM32F4xx_StdPeriph_Driver\src\stm32f4xx_adc.o
ADC_GetSoftwareStartConvStatus                    Libraries\STM32F4xx_StdPeriph_Driver\src\stm32f4xx_adc.o
ADC_GetSoftwareStartInjectedConvCmdStatus         Libraries\STM32F4xx_StdPeriph_Driver\src\stm32f4xx_adc.o
ADC_IRQHandler                                    src\startup_stm32f4xx.o
ADC_ITConfig                                      Libraries\STM32F4xx_StdPeriph_Driver\src\stm32f4xx_adc.o
ADC_Init                                          Libraries\STM32F4xx_StdPeriph_Driver\src\stm32f4xx_adc.o
                                                  src\main.o
ADC_InjectedChannelConfig                         Libraries\STM32F4xx_StdPeriph_Driver\src\stm32f4xx_adc.o
ADC_InjectedDiscModeCmd                           Libraries\STM32F4xx_StdPeriph_Driver\src\stm32f4xx_adc.o
ADC_InjectedSequencerLengthConfig                 Libraries\STM32F4xx_StdPeriph_Driver\src\stm32f4xx_adc.o
ADC_MultiModeDMARequestAfterLastTransferCmd       Libraries\STM32F4xx_StdPeriph_Driver\src\stm32f4xx_adc.o
ADC_RegularChannelConfig                          Libraries\STM32F4xx_StdPeriph_Driver\src\stm32f4xx_adc.o
                                                  src\main.o
ADC_SetInjectedOffset                             Libraries\STM32F4xx_StdPeriph_Driver\src\stm32f4xx_adc.o
ADC_SoftwareStartConv                             Libraries\STM32F4xx_StdPeriph_Driver\src\stm32f4xx_adc.o
                                                  src\Traffic_Tasks.o
ADC_SoftwareStartInjectedConv                     Libraries\STM32F4xx_StdPeriph_Driver\src\stm32f4xx_adc.o
ADC_StructInit                                    Libraries\STM32F4xx_StdPeriph_Driver\src\stm32f4xx_adc.o
ADC_TempSensorVrefintCmd                          Libraries\STM32F4xx_StdPeriph_Driver\src\stm32f4xx_adc.o
ADC_VBATCmd                                       Libraries\STM32F4xx_StdPeriph_Driver\src\stm32f4xx_adc.o
AHBPrescTable                                     src\system_stm32f4xx.o
AUDIO_MAL_DMA_CHANNEL                             Utilities\STM32F4-Discovery\stm32f4_discovery_audio_codec.o
AUDIO_MAL_DMA_CLOCK                               Utilities\STM32F4-Discovery\stm32f4_discovery_audio_codec.o
AUDIO_MAL_DMA_DREG                                Utilities\STM32F4-Discovery\stm32f4_discovery_audio_codec.o
AUDIO_MAL_DMA_FLAG_DME                            Utilities\STM32F4-Discovery\stm32f4_discovery_audio_codec.o
AUDIO_MAL_DMA_FLAG_FE                             Utilities\STM32F4-Discovery\stm32f4_discovery_audio_codec.o
AUDIO_MAL_DMA_FLAG_HT                             Utilities\STM32F4-Discovery\stm32f4_discovery_audio_codec.o
AUDIO_MAL_DMA_FLAG_TC                             Utilities\STM32F4-Discovery\stm32f4_discovery_audio_codec.o
AUDIO_MAL_DMA_FLAG_TE                             Utilities\STM32F4-Discovery\stm32f4_discovery_audio_codec.o
AUDIO_MAL_DMA_IRQ                                 Utilities\STM32F4-Discovery\stm32f4_discovery_audio_codec.o
AUDIO_MAL_DMA_InitStructure                       Utilities\STM32F4-Discovery\stm32f4_discovery_audio_codec.o
AUDIO_MAL_DMA_STREAM                              Utilities\STM32F4-Discovery\stm32f4_discovery_audio_codec.o
AudioRemSize                                      Utilities\STM32F4-Discovery\stm32f4_discovery_audio_codec.o
AudioTotalSize                                    Utilities\STM32F4-Discovery\stm32f4_discovery_audio_codec.o
Audio_MAL_Play                                    Utilities\STM32F4-Discovery\stm32f4_discovery_audio_codec.o
BUTTON_CLK                                        Utilities\STM32F4-Discovery\stm32f4_discovery.o
BUTTON_EXTI_LINE                                  Utilities\STM32F4-Discovery\stm32f4_discovery.o
BUTTON_IRQn                                       Utilities\STM32F4-Discovery\stm32f4_discovery.o
BUTTON_PIN                                        Utilities\STM32F4-Discovery\stm32f4_discovery.o