queue.c:279:12:xQueueGenericReset	24	static
queue.c:386:16:xQueueGenericCreate	48	static
queue.c:432:13:prvInitialiseNewQueue	24	static
queue.c:476:14:prvInitialiseMutex	16	static
queue.c:506:16:xQueueCreateMutex	32	static
queue.c:572:13:xQueueGiveMutexRecursive	40	static
queue.c:627:13:xQueueTakeMutexRecursive	40	static
queue.c:697:16:xQueueCreateCountingSemaphore	32	static
queue.c:723:12:xQueueGenericSend	64	static
queue.c:921:12:xQueueGenericSendFromISR	64	static
queue.c:1072:12:xQueueGiveFromISR	64	static
queue.c:1237:12:xQueueGenericReceive	64	static
queue.c:1434:12:xQueueReceiveFromISR	64	static
queue.c:1525:12:xQueuePeekFromISR	56	static
queue.c:1579:13:uxQueueMessagesWaiting	24	static
queue.c:1595:13:uxQueueSpacesAvailable	32	static
queue.c:1613:13:uxQueueMessagesWaitingFromISR	24	static
queue.c:1625:6:vQueueDelete	24	static
queue.c:1697:19:prvCopyDataToQueue	32	static
queue.c:1776:13:prvCopyDataFromQueue	16	static
queue.c:1794:13:prvUnlockQueue	24	static
queue.c:1914:19:prvIsQueueEmpty	24	static
queue.c:1935:12:xQueueIsQueueEmptyFromISR	24	static
queue.c:1953:19:prvIsQueueFull	24	static
queue.c:1974:12:xQueueIsQueueFullFromISR	24	static
queue.c:2269:7:vQueueAddToRegistry	24	static
queue.c:2298:14:pcQueueGetName	24	static
queue.c:2326:7:vQueueUnregisterQueue	24	static
queue.c:2358:7:vQueueWaitForMessageRestricted	32	static
