timers.c:259:12:xTimerCreateTimerTask	24	static
timers.c:314:16:xTimerCreate	40	static
timers.c:388:13:prvInitialiseNewTimer	32	static
timers.c:417:12:xTimerGenericCommand	48	static
timers.c:460:14:xTimerGetTimerDaemonTaskHandle	16	static
timers.c:469:12:xTimerGetPeriod	24	static
timers.c:478:12:xTimerGetExpiryTime	32	static
timers.c:489:14:pcTimerGetName	24	static
timers.c:498:13:prvProcessExpiredTimer	40	static
timers.c:538:13:prvTimerTask	24	static
timers.c:574:13:prvProcessTimerOrBlockTask	24	static
timers.c:634:19:prvGetNextExpireTime	24	static
timers.c:660:19:prvSampleTimeNow	24	static
timers.c:683:19:prvInsertTimerInActiveList	32	static
timers.c:724:13:prvProcessReceivedCommands	56	static
timers.c:871:13:prvSwitchTimerLists	40	static
timers.c:930:13:prvCheckForValidListAndQueue	8	static
timers.c:981:12:xTimerIsTimerActive	32	static
timers.c:1002:7:pvTimerGetTimerID	32	static
timers.c:1019:6:vTimerSetTimerID	24	static
